ERROR: pip's dependency resolver does not currently take into account all the packages that are installed. This behaviour is the source of the following dependency conflicts.
torch 2.11.0 requires setuptools<82, but you have setuptools 82.0.1 which is incompatible.
wandb: [wandb.login()] Loaded credentials for https://api.wandb.ai from WANDB_API_KEY.
wandb: Agent Starting Run: 4uwnfyd7 with config:
wandb: 	batch_size: 8
wandb: 	contrastive_weight: 1.5
wandb: 	d_model: 64
wandb: 	drop_ratio: 0.1
wandb: 	hard_negative_k: 5
wandb: 	layers: 2
wandb: 	lr: 0.001
wandb: 	mask_ratio: 0.2
wandb: 	max_seq_len: 512
wandb: 	monitor_every: 1
wandb: 	multiscale_ratios: [1]
wandb: 	nhead: 2
wandb: 	pretrain_epochs: 20
wandb: 	reconstruction_weight: 1
wandb: 	seed: 42
wandb: 	ssl_method: hybrid
wandb: 	temperature: 0.2
wandb: 	time_freq_weight: 0
wandb: 	value_bins: 10
wandb: [wandb.login()] Loaded credentials for https://api.wandb.ai from WANDB_API_KEY.
wandb: Currently logged in as: finnbrunke (finn-brunke) to https://api.wandb.ai. Use `wandb login --relogin` to force relogin
wandb: WARNING Ignoring project 'ml4h_project' when running a sweep.
wandb: WARNING Ignoring entity 'finn-brunke' when running a sweep.
wandb: setting up run 4uwnfyd7
wandb: Tracking run with wandb version 0.25.1
wandb: Run data is saved locally in /home/fbrunke/ML4HC-Project1/wandb/run-20260409_111730-4uwnfyd7
wandb: Run `wandb offline` to turn off syncing.
wandb: Syncing run ancient-sweep-1
wandb: ⭐️ View project at https://wandb.ai/finn-brunke/ml4h_project
wandb: 🧹 View sweep at https://wandb.ai/finn-brunke/ml4h_project/sweeps/vgxjbux6
wandb: 🚀 View run at https://wandb.ai/finn-brunke/ml4h_project/runs/4uwnfyd7
/home/fbrunke/ML4HC-Project1/task3/auto_encoder_base.py:106: UserWarning: enable_nested_tensor is True, but self.use_nested_tensor is False because encoder_layer.norm_first was True
  self.encoder = nn.TransformerEncoder(encoder_layer, num_layers=num_layers)
/home/fbrunke/ML4HC-Project1/.venv/lib/python3.12/site-packages/umap/umap_.py:1952: UserWarning: n_jobs value 1 overridden to 1 by setting random_state. Use no seed for parallelism.
  warn(
/home/fbrunke/ML4HC-Project1/.venv/lib/python3.12/site-packages/umap/umap_.py:1952: UserWarning: n_jobs value 1 overridden to 1 by setting random_state. Use no seed for parallelism.
  warn(
/home/fbrunke/ML4HC-Project1/.venv/lib/python3.12/site-packages/umap/umap_.py:1952: UserWarning: n_jobs value 1 overridden to 1 by setting random_state. Use no seed for parallelism.
  warn(
/home/fbrunke/ML4HC-Project1/.venv/lib/python3.12/site-packages/umap/umap_.py:1952: UserWarning: n_jobs value 1 overridden to 1 by setting random_state. Use no seed for parallelism.
  warn(
/home/fbrunke/ML4HC-Project1/.venv/lib/python3.12/site-packages/umap/umap_.py:1952: UserWarning: n_jobs value 1 overridden to 1 by setting random_state. Use no seed for parallelism.
  warn(
/home/fbrunke/ML4HC-Project1/.venv/lib/python3.12/site-packages/umap/umap_.py:1952: UserWarning: n_jobs value 1 overridden to 1 by setting random_state. Use no seed for parallelism.
  warn(
/home/fbrunke/ML4HC-Project1/.venv/lib/python3.12/site-packages/umap/umap_.py:1952: UserWarning: n_jobs value 1 overridden to 1 by setting random_state. Use no seed for parallelism.
  warn(
/home/fbrunke/ML4HC-Project1/.venv/lib/python3.12/site-packages/umap/umap_.py:1952: UserWarning: n_jobs value 1 overridden to 1 by setting random_state. Use no seed for parallelism.
  warn(
/home/fbrunke/ML4HC-Project1/.venv/lib/python3.12/site-packages/umap/umap_.py:1952: UserWarning: n_jobs value 1 overridden to 1 by setting random_state. Use no seed for parallelism.
  warn(
/home/fbrunke/ML4HC-Project1/.venv/lib/python3.12/site-packages/umap/umap_.py:1952: UserWarning: n_jobs value 1 overridden to 1 by setting random_state. Use no seed for parallelism.
  warn(
/home/fbrunke/ML4HC-Project1/.venv/lib/python3.12/site-packages/umap/umap_.py:1952: UserWarning: n_jobs value 1 overridden to 1 by setting random_state. Use no seed for parallelism.
  warn(
/home/fbrunke/ML4HC-Project1/.venv/lib/python3.12/site-packages/umap/umap_.py:1952: UserWarning: n_jobs value 1 overridden to 1 by setting random_state. Use no seed for parallelism.
  warn(
wandb: updating run metadata
wandb: uploading output.log; uploading wandb-summary.json
wandb: uploading history steps 0-20, summary, console lines 109-148
wandb: 
wandb: Run history:
wandb:          pretrain/centroid_distance ▁▂▂▂▃▃▄▄▅▆▅▆▆▅▆▇▆█▇▆
wandb:                pretrain/probe_auroc ▁▃▅▄▄▂▂▂▂▂▃▄▇▇▇█▇▇▇▆
wandb:                 pretrain/silhouette ▅▆▅▁▄▃▃▄▄▅▄▆▅▅▅▆█▆▇▅
wandb:                 summary/active_dims ▁
wandb:              summary/effective_rank ▁
wandb: summary/embedding_centroid_distance ▁
wandb:        summary/embedding_silhouette ▁
wandb:            summary/feature_std_mean ▁
wandb:             summary/feature_std_min ▁
wandb:     summary/mean_abs_cosine_offdiag ▁
wandb:                                 +10 ...
wandb: 
wandb: Run summary:
wandb:          pretrain/centroid_distance 1.22869
wandb:                pretrain/probe_auroc 0.51763
wandb:                 pretrain/silhouette -0.02504
wandb:                 summary/active_dims 64
wandb:              summary/effective_rank 23.04276
wandb: summary/embedding_centroid_distance 1.76861
wandb:        summary/embedding_silhouette -0.01455
wandb:            summary/feature_std_mean 0.80149
wandb:             summary/feature_std_min 0.2928
wandb:     summary/mean_abs_cosine_offdiag 0.63809
wandb:                                 +10 ...
wandb: 
wandb: 🚀 View run ancient-sweep-1 at: https://wandb.ai/finn-brunke/ml4h_project/runs/4uwnfyd7
wandb: ⭐️ View project at: https://wandb.ai/finn-brunke/ml4h_project
wandb: Synced 5 W&B file(s), 0 media file(s), 0 artifact file(s) and 0 other file(s)
wandb: Find logs at: ./wandb/run-20260409_111730-4uwnfyd7/logs
wandb: Agent Starting Run: 1j3cpyjs with config:
wandb: 	batch_size: 32
wandb: 	contrastive_weight: 1
wandb: 	d_model: 128
wandb: 	drop_ratio: 0.1
wandb: 	hard_negative_k: 5
wandb: 	layers: 3
wandb: 	lr: 0.002
wandb: 	mask_ratio: 0.1
wandb: 	max_seq_len: 512
wandb: 	monitor_every: 1
wandb: 	multiscale_ratios: [1, 0.9]
wandb: 	nhead: 2
wandb: 	pretrain_epochs: 10
wandb: 	reconstruction_weight: 0.5
wandb: 	seed: 42
wandb: 	ssl_method: contrastive
wandb: 	temperature: 0.05
wandb: 	time_freq_weight: 0
wandb: 	value_bins: 10
wandb: [wandb.login()] Loaded credentials for https://api.wandb.ai from WANDB_API_KEY.
wandb: WARNING Ignoring project 'ml4h_project' when running a sweep.
wandb: WARNING Ignoring entity 'finn-brunke' when running a sweep.
wandb: setting up run 1j3cpyjs
wandb: Tracking run with wandb version 0.25.1
wandb: Run data is saved locally in /home/fbrunke/ML4HC-Project1/wandb/run-20260409_113017-1j3cpyjs
wandb: Run `wandb offline` to turn off syncing.
wandb: Syncing run absurd-sweep-2
wandb: ⭐️ View project at https://wandb.ai/finn-brunke/ml4h_project
wandb: 🧹 View sweep at https://wandb.ai/finn-brunke/ml4h_project/sweeps/vgxjbux6
wandb: 🚀 View run at https://wandb.ai/finn-brunke/ml4h_project/runs/1j3cpyjs
/home/fbrunke/ML4HC-Project1/task3/auto_encoder_base.py:106: UserWarning: enable_nested_tensor is True, but self.use_nested_tensor is False because encoder_layer.norm_first was True
  self.encoder = nn.TransformerEncoder(encoder_layer, num_layers=num_layers)
/home/fbrunke/ML4HC-Project1/.venv/lib/python3.12/site-packages/umap/umap_.py:1952: UserWarning: n_jobs value 1 overridden to 1 by setting random_state. Use no seed for parallelism.
  warn(
/home/fbrunke/ML4HC-Project1/.venv/lib/python3.12/site-packages/umap/umap_.py:1952: UserWarning: n_jobs value 1 overridden to 1 by setting random_state. Use no seed for parallelism.
  warn(
/home/fbrunke/ML4HC-Project1/.venv/lib/python3.12/site-packages/umap/umap_.py:1952: UserWarning: n_jobs value 1 overridden to 1 by setting random_state. Use no seed for parallelism.
  warn(
/home/fbrunke/ML4HC-Project1/.venv/lib/python3.12/site-packages/umap/umap_.py:1952: UserWarning: n_jobs value 1 overridden to 1 by setting random_state. Use no seed for parallelism.
  warn(
/home/fbrunke/ML4HC-Project1/.venv/lib/python3.12/site-packages/umap/umap_.py:1952: UserWarning: n_jobs value 1 overridden to 1 by setting random_state. Use no seed for parallelism.
  warn(
/home/fbrunke/ML4HC-Project1/.venv/lib/python3.12/site-packages/umap/umap_.py:1952: UserWarning: n_jobs value 1 overridden to 1 by setting random_state. Use no seed for parallelism.
  warn(
/home/fbrunke/ML4HC-Project1/.venv/lib/python3.12/site-packages/umap/umap_.py:1952: UserWarning: n_jobs value 1 overridden to 1 by setting random_state. Use no seed for parallelism.
  warn(
/home/fbrunke/ML4HC-Project1/.venv/lib/python3.12/site-packages/umap/umap_.py:1952: UserWarning: n_jobs value 1 overridden to 1 by setting random_state. Use no seed for parallelism.
  warn(
/home/fbrunke/ML4HC-Project1/.venv/lib/python3.12/site-packages/umap/umap_.py:1952: UserWarning: n_jobs value 1 overridden to 1 by setting random_state. Use no seed for parallelism.
  warn(
/home/fbrunke/ML4HC-Project1/.venv/lib/python3.12/site-packages/umap/umap_.py:1952: UserWarning: n_jobs value 1 overridden to 1 by setting random_state. Use no seed for parallelism.
  warn(
/home/fbrunke/ML4HC-Project1/.venv/lib/python3.12/site-packages/umap/umap_.py:1952: UserWarning: n_jobs value 1 overridden to 1 by setting random_state. Use no seed for parallelism.
  warn(
/home/fbrunke/ML4HC-Project1/.venv/lib/python3.12/site-packages/umap/umap_.py:1952: UserWarning: n_jobs value 1 overridden to 1 by setting random_state. Use no seed for parallelism.
  warn(
wandb: updating run metadata
wandb: uploading output.log; uploading wandb-summary.json; uploading config.yaml
wandb: uploading history steps 0-10, summary, console lines 98-128
wandb: 
wandb: Run history:
wandb:          pretrain/centroid_distance ▁▃▄▄▁▃█▅▄█
wandb:                pretrain/probe_auroc ▄▄▁▆█▆█▆▆▆
wandb:                 pretrain/silhouette ▁▇▇▅▅▅▅▆▆█
wandb:                 summary/active_dims ▁
wandb:              summary/effective_rank ▁
wandb: summary/embedding_centroid_distance ▁
wandb:        summary/embedding_silhouette ▁
wandb:            summary/feature_std_mean ▁
wandb:             summary/feature_std_min ▁
wandb:     summary/mean_abs_cosine_offdiag ▁
wandb:                                 +10 ...
wandb: 
wandb: Run summary:
wandb:          pretrain/centroid_distance 2.55602
wandb:                pretrain/probe_auroc 0.56757
wandb:                 pretrain/silhouette -0.01846
wandb:                 summary/active_dims 128
wandb:              summary/effective_rank 23.57289
wandb: summary/embedding_centroid_distance 2.98029
wandb:        summary/embedding_silhouette -0.02905
wandb:            summary/feature_std_mean 1.17685
wandb:             summary/feature_std_min 0.44405
wandb:     summary/mean_abs_cosine_offdiag 0.47522
wandb:                                 +10 ...
wandb: 
wandb: 🚀 View run absurd-sweep-2 at: https://wandb.ai/finn-brunke/ml4h_project/runs/1j3cpyjs
wandb: ⭐️ View project at: https://wandb.ai/finn-brunke/ml4h_project
wandb: Synced 5 W&B file(s), 0 media file(s), 0 artifact file(s) and 0 other file(s)
wandb: Find logs at: ./wandb/run-20260409_113017-1j3cpyjs/logs
wandb: Agent Starting Run: sy0o56by with config:
wandb: 	batch_size: 16
wandb: 	contrastive_weight: 1.5
wandb: 	d_model: 64
wandb: 	drop_ratio: 0.05
wandb: 	hard_negative_k: 1
wandb: 	layers: 1
wandb: 	lr: 0.0005
wandb: 	mask_ratio: 0.1
wandb: 	max_seq_len: 512
wandb: 	monitor_every: 1
wandb: 	multiscale_ratios: [1, 0.9]
wandb: 	nhead: 4
wandb: 	pretrain_epochs: 20
wandb: 	reconstruction_weight: 2
wandb: 	seed: 42
wandb: 	ssl_method: contrastive
wandb: 	temperature: 0.2
wandb: 	time_freq_weight: 0.05
wandb: 	value_bins: 10
wandb: [wandb.login()] Loaded credentials for https://api.wandb.ai from WANDB_API_KEY.
wandb: WARNING Ignoring project 'ml4h_project' when running a sweep.
wandb: WARNING Ignoring entity 'finn-brunke' when running a sweep.
wandb: setting up run sy0o56by
wandb: Tracking run with wandb version 0.25.1
wandb: Run data is saved locally in /home/fbrunke/ML4HC-Project1/wandb/run-20260409_113920-sy0o56by
wandb: Run `wandb offline` to turn off syncing.
wandb: Syncing run leafy-sweep-3
wandb: ⭐️ View project at https://wandb.ai/finn-brunke/ml4h_project
wandb: 🧹 View sweep at https://wandb.ai/finn-brunke/ml4h_project/sweeps/vgxjbux6
wandb: 🚀 View run at https://wandb.ai/finn-brunke/ml4h_project/runs/sy0o56by
/home/fbrunke/ML4HC-Project1/task3/auto_encoder_base.py:106: UserWarning: enable_nested_tensor is True, but self.use_nested_tensor is False because encoder_layer.norm_first was True
  self.encoder = nn.TransformerEncoder(encoder_layer, num_layers=num_layers)
/home/fbrunke/ML4HC-Project1/.venv/lib/python3.12/site-packages/umap/umap_.py:1952: UserWarning: n_jobs value 1 overridden to 1 by setting random_state. Use no seed for parallelism.
  warn(
/home/fbrunke/ML4HC-Project1/.venv/lib/python3.12/site-packages/umap/umap_.py:1952: UserWarning: n_jobs value 1 overridden to 1 by setting random_state. Use no seed for parallelism.
  warn(
/home/fbrunke/ML4HC-Project1/.venv/lib/python3.12/site-packages/umap/umap_.py:1952: UserWarning: n_jobs value 1 overridden to 1 by setting random_state. Use no seed for parallelism.
  warn(
/home/fbrunke/ML4HC-Project1/.venv/lib/python3.12/site-packages/umap/umap_.py:1952: UserWarning: n_jobs value 1 overridden to 1 by setting random_state. Use no seed for parallelism.
  warn(
/home/fbrunke/ML4HC-Project1/.venv/lib/python3.12/site-packages/umap/umap_.py:1952: UserWarning: n_jobs value 1 overridden to 1 by setting random_state. Use no seed for parallelism.
  warn(
/home/fbrunke/ML4HC-Project1/.venv/lib/python3.12/site-packages/umap/umap_.py:1952: UserWarning: n_jobs value 1 overridden to 1 by setting random_state. Use no seed for parallelism.
  warn(
/home/fbrunke/ML4HC-Project1/.venv/lib/python3.12/site-packages/umap/umap_.py:1952: UserWarning: n_jobs value 1 overridden to 1 by setting random_state. Use no seed for parallelism.
  warn(
/home/fbrunke/ML4HC-Project1/.venv/lib/python3.12/site-packages/umap/umap_.py:1952: UserWarning: n_jobs value 1 overridden to 1 by setting random_state. Use no seed for parallelism.
  warn(
/home/fbrunke/ML4HC-Project1/.venv/lib/python3.12/site-packages/umap/umap_.py:1952: UserWarning: n_jobs value 1 overridden to 1 by setting random_state. Use no seed for parallelism.
  warn(
/home/fbrunke/ML4HC-Project1/.venv/lib/python3.12/site-packages/umap/umap_.py:1952: UserWarning: n_jobs value 1 overridden to 1 by setting random_state. Use no seed for parallelism.
  warn(
/home/fbrunke/ML4HC-Project1/.venv/lib/python3.12/site-packages/umap/umap_.py:1952: UserWarning: n_jobs value 1 overridden to 1 by setting random_state. Use no seed for parallelism.
  warn(
/home/fbrunke/ML4HC-Project1/.venv/lib/python3.12/site-packages/umap/umap_.py:1952: UserWarning: n_jobs value 1 overridden to 1 by setting random_state. Use no seed for parallelism.
  warn(
wandb: updating run metadata
wandb: uploading history steps 0-20, summary, console lines 121-148
wandb: 
wandb: Run history:
wandb:          pretrain/centroid_distance ▁▁▂▂▂▃▃▃▄▄▅▅▅▆▆▆▇▇██
wandb:                pretrain/probe_auroc ▁▂▂▂▃▃▄▄▅▅▆▆▆▇▇▇▇███
wandb:                 pretrain/silhouette ▁▁▂▂▂▃▃▃▄▄▅▅▆▆▆▇▇▇▇█
wandb:                 summary/active_dims ▁
wandb:              summary/effective_rank ▁
wandb: summary/embedding_centroid_distance ▁
wandb:        summary/embedding_silhouette ▁
wandb:            summary/feature_std_mean ▁
wandb:             summary/feature_std_min ▁
wandb:     summary/mean_abs_cosine_offdiag ▁
wandb:                                 +10 ...
wandb: 
wandb: Run summary:
wandb:          pretrain/centroid_distance 0.1406
wandb:                pretrain/probe_auroc 0.59428
wandb:                 pretrain/silhouette -0.02747
wandb:                 summary/active_dims 64
wandb:              summary/effective_rank 51.85782
wandb: summary/embedding_centroid_distance 0.14737
wandb:        summary/embedding_silhouette -0.01779
wandb:            summary/feature_std_mean 0.10424
wandb:             summary/feature_std_min 0.0814
wandb:     summary/mean_abs_cosine_offdiag 0.56659
wandb:                                 +10 ...
wandb: 
wandb: 🚀 View run leafy-sweep-3 at: https://wandb.ai/finn-brunke/ml4h_project/runs/sy0o56by
wandb: ⭐️ View project at: https://wandb.ai/finn-brunke/ml4h_project
wandb: Synced 5 W&B file(s), 0 media file(s), 0 artifact file(s) and 0 other file(s)
wandb: Find logs at: ./wandb/run-20260409_113920-sy0o56by/logs
wandb: Sweep Agent: Waiting for job.
wandb: Job received.
wandb: Agent Starting Run: uwixneh0 with config:
wandb: 	batch_size: 32
wandb: 	contrastive_weight: 1
wandb: 	d_model: 128
wandb: 	drop_ratio: 0.1
wandb: 	hard_negative_k: 5
wandb: 	layers: 1
wandb: 	lr: 0.005
wandb: 	mask_ratio: 0.3
wandb: 	max_seq_len: 512
wandb: 	monitor_every: 1
wandb: 	multiscale_ratios: [1, 0.8]
wandb: 	nhead: 4
wandb: 	pretrain_epochs: 10
wandb: 	reconstruction_weight: 1
wandb: 	seed: 42
wandb: 	ssl_method: hybrid
wandb: 	temperature: 0.2
wandb: 	time_freq_weight: 0.2
wandb: 	value_bins: 10
wandb: [wandb.login()] Loaded credentials for https://api.wandb.ai from WANDB_API_KEY.
wandb: WARNING Ignoring project 'ml4h_project' when running a sweep.
wandb: WARNING Ignoring entity 'finn-brunke' when running a sweep.
wandb: setting up run uwixneh0
wandb: Tracking run with wandb version 0.25.1
wandb: Run data is saved locally in /home/fbrunke/ML4HC-Project1/wandb/run-20260409_114903-uwixneh0
wandb: Run `wandb offline` to turn off syncing.
wandb: Syncing run happy-sweep-4
wandb: ⭐️ View project at https://wandb.ai/finn-brunke/ml4h_project
wandb: 🧹 View sweep at https://wandb.ai/finn-brunke/ml4h_project/sweeps/vgxjbux6
wandb: 🚀 View run at https://wandb.ai/finn-brunke/ml4h_project/runs/uwixneh0
/home/fbrunke/ML4HC-Project1/task3/auto_encoder_base.py:106: UserWarning: enable_nested_tensor is True, but self.use_nested_tensor is False because encoder_layer.norm_first was True
  self.encoder = nn.TransformerEncoder(encoder_layer, num_layers=num_layers)
/home/fbrunke/ML4HC-Project1/.venv/lib/python3.12/site-packages/umap/umap_.py:1952: UserWarning: n_jobs value 1 overridden to 1 by setting random_state. Use no seed for parallelism.
  warn(
/home/fbrunke/ML4HC-Project1/.venv/lib/python3.12/site-packages/umap/umap_.py:1952: UserWarning: n_jobs value 1 overridden to 1 by setting random_state. Use no seed for parallelism.
  warn(
/home/fbrunke/ML4HC-Project1/.venv/lib/python3.12/site-packages/umap/umap_.py:1952: UserWarning: n_jobs value 1 overridden to 1 by setting random_state. Use no seed for parallelism.
  warn(
/home/fbrunke/ML4HC-Project1/.venv/lib/python3.12/site-packages/umap/umap_.py:1952: UserWarning: n_jobs value 1 overridden to 1 by setting random_state. Use no seed for parallelism.
  warn(
/home/fbrunke/ML4HC-Project1/.venv/lib/python3.12/site-packages/umap/umap_.py:1952: UserWarning: n_jobs value 1 overridden to 1 by setting random_state. Use no seed for parallelism.
  warn(
/home/fbrunke/ML4HC-Project1/.venv/lib/python3.12/site-packages/umap/umap_.py:1952: UserWarning: n_jobs value 1 overridden to 1 by setting random_state. Use no seed for parallelism.
  warn(
/home/fbrunke/ML4HC-Project1/.venv/lib/python3.12/site-packages/umap/umap_.py:1952: UserWarning: n_jobs value 1 overridden to 1 by setting random_state. Use no seed for parallelism.
  warn(
/home/fbrunke/ML4HC-Project1/.venv/lib/python3.12/site-packages/umap/umap_.py:1952: UserWarning: n_jobs value 1 overridden to 1 by setting random_state. Use no seed for parallelism.
  warn(
/home/fbrunke/ML4HC-Project1/.venv/lib/python3.12/site-packages/umap/umap_.py:1952: UserWarning: n_jobs value 1 overridden to 1 by setting random_state. Use no seed for parallelism.
  warn(
/home/fbrunke/ML4HC-Project1/.venv/lib/python3.12/site-packages/umap/umap_.py:1952: UserWarning: n_jobs value 1 overridden to 1 by setting random_state. Use no seed for parallelism.
  warn(
/home/fbrunke/ML4HC-Project1/.venv/lib/python3.12/site-packages/umap/umap_.py:1952: UserWarning: n_jobs value 1 overridden to 1 by setting random_state. Use no seed for parallelism.
  warn(
/home/fbrunke/ML4HC-Project1/.venv/lib/python3.12/site-packages/umap/umap_.py:1952: UserWarning: n_jobs value 1 overridden to 1 by setting random_state. Use no seed for parallelism.
  warn(
wandb: updating run metadata
wandb: uploading output.log; uploading wandb-summary.json; uploading config.yaml
wandb: uploading output.log; uploading config.yaml
wandb: 
wandb: Run history:
wandb:          pretrain/centroid_distance █▅▅▅▅▄▃▂▁▁
wandb:                pretrain/probe_auroc ▄▂▁▅▆▅▄▅▆█
wandb:                 pretrain/silhouette ▇▅█▆▄▄▁▇▃▄
wandb:                 summary/active_dims ▁
wandb:              summary/effective_rank ▁
wandb: summary/embedding_centroid_distance ▁
wandb:        summary/embedding_silhouette ▁
wandb:            summary/feature_std_mean ▁
wandb:             summary/feature_std_min ▁
wandb:     summary/mean_abs_cosine_offdiag ▁
wandb:                                 +10 ...
wandb: 
wandb: Run summary:
wandb:          pretrain/centroid_distance 0.83317
wandb:                pretrain/probe_auroc 0.57692
wandb:                 pretrain/silhouette -0.02901
wandb:                 summary/active_dims 128
wandb:              summary/effective_rank 46.63163
wandb: summary/embedding_centroid_distance 1.52498
wandb:        summary/embedding_silhouette -0.00558
wandb:            summary/feature_std_mean 0.50116
wandb:             summary/feature_std_min 0.17796
wandb:     summary/mean_abs_cosine_offdiag 0.54413
wandb:                                 +10 ...
wandb: 
wandb: 🚀 View run happy-sweep-4 at: https://wandb.ai/finn-brunke/ml4h_project/runs/uwixneh0
wandb: ⭐️ View project at: https://wandb.ai/finn-brunke/ml4h_project
wandb: Synced 5 W&B file(s), 0 media file(s), 0 artifact file(s) and 0 other file(s)
wandb: Find logs at: ./wandb/run-20260409_114903-uwixneh0/logs
wandb: Agent Starting Run: aj0qo743 with config:
wandb: 	batch_size: 8
wandb: 	contrastive_weight: 0.5
wandb: 	d_model: 64
wandb: 	drop_ratio: 0.05
wandb: 	hard_negative_k: 3
wandb: 	layers: 2
wandb: 	lr: 0.001
wandb: 	mask_ratio: 0.1
wandb: 	max_seq_len: 512
wandb: 	monitor_every: 1
wandb: 	multiscale_ratios: [1]
wandb: 	nhead: 2
wandb: 	pretrain_epochs: 20
wandb: 	reconstruction_weight: 1.5
wandb: 	seed: 42
wandb: 	ssl_method: contrastive
wandb: 	temperature: 0.2
wandb: 	time_freq_weight: 0
wandb: 	value_bins: 10
wandb: [wandb.login()] Loaded credentials for https://api.wandb.ai from WANDB_API_KEY.
wandb: WARNING Ignoring project 'ml4h_project' when running a sweep.
wandb: WARNING Ignoring entity 'finn-brunke' when running a sweep.
wandb: setting up run aj0qo743
wandb: Tracking run with wandb version 0.25.1
wandb: Run data is saved locally in /home/fbrunke/ML4HC-Project1/wandb/run-20260409_115752-aj0qo743
wandb: Run `wandb offline` to turn off syncing.
wandb: Syncing run major-sweep-5
wandb: ⭐️ View project at https://wandb.ai/finn-brunke/ml4h_project
wandb: 🧹 View sweep at https://wandb.ai/finn-brunke/ml4h_project/sweeps/vgxjbux6
wandb: 🚀 View run at https://wandb.ai/finn-brunke/ml4h_project/runs/aj0qo743
/home/fbrunke/ML4HC-Project1/task3/auto_encoder_base.py:106: UserWarning: enable_nested_tensor is True, but self.use_nested_tensor is False because encoder_layer.norm_first was True
  self.encoder = nn.TransformerEncoder(encoder_layer, num_layers=num_layers)
/home/fbrunke/ML4HC-Project1/.venv/lib/python3.12/site-packages/umap/umap_.py:1952: UserWarning: n_jobs value 1 overridden to 1 by setting random_state. Use no seed for parallelism.
  warn(
/home/fbrunke/ML4HC-Project1/.venv/lib/python3.12/site-packages/umap/umap_.py:1952: UserWarning: n_jobs value 1 overridden to 1 by setting random_state. Use no seed for parallelism.
  warn(
/home/fbrunke/ML4HC-Project1/.venv/lib/python3.12/site-packages/umap/umap_.py:1952: UserWarning: n_jobs value 1 overridden to 1 by setting random_state. Use no seed for parallelism.
  warn(
/home/fbrunke/ML4HC-Project1/.venv/lib/python3.12/site-packages/umap/umap_.py:1952: UserWarning: n_jobs value 1 overridden to 1 by setting random_state. Use no seed for parallelism.
  warn(
/home/fbrunke/ML4HC-Project1/.venv/lib/python3.12/site-packages/umap/umap_.py:1952: UserWarning: n_jobs value 1 overridden to 1 by setting random_state. Use no seed for parallelism.
  warn(
/home/fbrunke/ML4HC-Project1/.venv/lib/python3.12/site-packages/umap/umap_.py:1952: UserWarning: n_jobs value 1 overridden to 1 by setting random_state. Use no seed for parallelism.
  warn(
/home/fbrunke/ML4HC-Project1/.venv/lib/python3.12/site-packages/umap/umap_.py:1952: UserWarning: n_jobs value 1 overridden to 1 by setting random_state. Use no seed for parallelism.
  warn(
/home/fbrunke/ML4HC-Project1/.venv/lib/python3.12/site-packages/umap/umap_.py:1952: UserWarning: n_jobs value 1 overridden to 1 by setting random_state. Use no seed for parallelism.
  warn(
/home/fbrunke/ML4HC-Project1/.venv/lib/python3.12/site-packages/umap/umap_.py:1952: UserWarning: n_jobs value 1 overridden to 1 by setting random_state. Use no seed for parallelism.
  warn(
/home/fbrunke/ML4HC-Project1/.venv/lib/python3.12/site-packages/umap/umap_.py:1952: UserWarning: n_jobs value 1 overridden to 1 by setting random_state. Use no seed for parallelism.
  warn(
/home/fbrunke/ML4HC-Project1/.venv/lib/python3.12/site-packages/umap/umap_.py:1952: UserWarning: n_jobs value 1 overridden to 1 by setting random_state. Use no seed for parallelism.
  warn(
/home/fbrunke/ML4HC-Project1/.venv/lib/python3.12/site-packages/umap/umap_.py:1952: UserWarning: n_jobs value 1 overridden to 1 by setting random_state. Use no seed for parallelism.
  warn(
wandb: updating run metadata
wandb: uploading output.log; uploading wandb-summary.json; uploading config.yaml
wandb: 
wandb: Run history:
wandb:          pretrain/centroid_distance ▁▁▂▃▃▄▅▅▅▆▇▇█▇█▇▇▇▇▇
wandb:                pretrain/probe_auroc ▅███▇▇▆▇▇▅▅▄▄█▇▆▄▁▂▁
wandb:                 pretrain/silhouette ▂▃▄▁▁▂▂▃▅▅▅▅▅▄▆▄▅▆█▆
wandb:                 summary/active_dims ▁
wandb:              summary/effective_rank ▁
wandb: summary/embedding_centroid_distance ▁
wandb:        summary/embedding_silhouette ▁
wandb:            summary/feature_std_mean ▁
wandb:             summary/feature_std_min ▁
wandb:     summary/mean_abs_cosine_offdiag ▁
wandb:                                 +10 ...
wandb: 
wandb: Run summary:
wandb:          pretrain/centroid_distance 0.84779
wandb:                pretrain/probe_auroc 0.48718
wandb:                 pretrain/silhouette -0.01302
wandb:                 summary/active_dims 64
wandb:              summary/effective_rank 17.3064
wandb: summary/embedding_centroid_distance 0.82142
wandb:        summary/embedding_silhouette -0.00895
wandb:            summary/feature_std_mean 0.70992
wandb:             summary/feature_std_min 0.30608
wandb:     summary/mean_abs_cosine_offdiag 0.37101
wandb:                                 +10 ...
wandb: 
wandb: 🚀 View run major-sweep-5 at: https://wandb.ai/finn-brunke/ml4h_project/runs/aj0qo743
wandb: ⭐️ View project at: https://wandb.ai/finn-brunke/ml4h_project
wandb: Synced 5 W&B file(s), 0 media file(s), 0 artifact file(s) and 0 other file(s)
wandb: Find logs at: ./wandb/run-20260409_115752-aj0qo743/logs
wandb: Agent Starting Run: pfa1k7tb with config:
wandb: 	batch_size: 8
wandb: 	contrastive_weight: 1.5
wandb: 	d_model: 64
wandb: 	drop_ratio: 0.05
wandb: 	hard_negative_k: 5
wandb: 	layers: 3
wandb: 	lr: 0.002
wandb: 	mask_ratio: 0.2
wandb: 	max_seq_len: 512
wandb: 	monitor_every: 1
wandb: 	multiscale_ratios: [1, 0.9]
wandb: 	nhead: 2
wandb: 	pretrain_epochs: 20
wandb: 	reconstruction_weight: 1
wandb: 	seed: 42
wandb: 	ssl_method: hybrid
wandb: 	temperature: 0.2
wandb: 	time_freq_weight: 0.1
wandb: 	value_bins: 10
wandb: [wandb.login()] Loaded credentials for https://api.wandb.ai from WANDB_API_KEY.
wandb: WARNING Ignoring project 'ml4h_project' when running a sweep.
wandb: WARNING Ignoring entity 'finn-brunke' when running a sweep.
wandb: Tracking run with wandb version 0.25.1
wandb: Run data is saved locally in /home/fbrunke/ML4HC-Project1/wandb/run-20260409_120837-pfa1k7tb
wandb: Run `wandb offline` to turn off syncing.
wandb: Syncing run fearless-sweep-6
wandb: ⭐️ View project at https://wandb.ai/finn-brunke/ml4h_project
wandb: 🧹 View sweep at https://wandb.ai/finn-brunke/ml4h_project/sweeps/vgxjbux6
wandb: 🚀 View run at https://wandb.ai/finn-brunke/ml4h_project/runs/pfa1k7tb
/home/fbrunke/ML4HC-Project1/task3/auto_encoder_base.py:106: UserWarning: enable_nested_tensor is True, but self.use_nested_tensor is False because encoder_layer.norm_first was True
  self.encoder = nn.TransformerEncoder(encoder_layer, num_layers=num_layers)
[2026-04-09T12:17:17.005] error: *** JOB 47048 ON studgpu-node01 CANCELLED AT 2026-04-09T12:17:17 DUE TO TIME LIMIT ***
