ERROR: pip's dependency resolver does not currently take into account all the packages that are installed. This behaviour is the source of the following dependency conflicts.
torch 2.11.0 requires setuptools<82, but you have setuptools 82.0.1 which is incompatible.
wandb: [wandb.login()] Loaded credentials for https://api.wandb.ai from WANDB_API_KEY.
wandb: Agent Starting Run: s8gghaie with config:
wandb: 	batch_size: 12
wandb: 	contrastive_weight: 1
wandb: 	d_model: 64
wandb: 	drop_ratio: 0.05
wandb: 	hard_negative_k: 5
wandb: 	layers: 1
wandb: 	lr: 0.002
wandb: 	mask_ratio: 0.1
wandb: 	max_seq_len: 512
wandb: 	monitor_every: 1
wandb: 	multiscale_ratios: [1]
wandb: 	nhead: 2
wandb: 	pretrain_epochs: 5
wandb: 	reconstruction_weight: 1
wandb: 	seed: 42
wandb: 	ssl_method: contrastive
wandb: 	temperature: 0.2
wandb: 	time_freq_weight: 0.2
wandb: 	value_bins: 10
wandb: [wandb.login()] Loaded credentials for https://api.wandb.ai from WANDB_API_KEY.
wandb: Currently logged in as: finnbrunke (finn-brunke) to https://api.wandb.ai. Use `wandb login --relogin` to force relogin
wandb: WARNING Ignoring project 'ml4h_project' when running a sweep.
wandb: WARNING Ignoring entity 'finn-brunke' when running a sweep.
wandb: setting up run s8gghaie
wandb: Tracking run with wandb version 0.25.1
wandb: Run data is saved locally in /home/fbrunke/ML4HC-Project1/wandb/run-20260408_154417-s8gghaie
wandb: Run `wandb offline` to turn off syncing.
wandb: Syncing run spring-sweep-1
wandb: ⭐️ View project at https://wandb.ai/finn-brunke/ml4h_project
wandb: 🧹 View sweep at https://wandb.ai/finn-brunke/ml4h_project/sweeps/b64hmra4
wandb: 🚀 View run at https://wandb.ai/finn-brunke/ml4h_project/runs/s8gghaie
/home/fbrunke/ML4HC-Project1/task3/auto_encoder_base.py:106: UserWarning: enable_nested_tensor is True, but self.use_nested_tensor is False because encoder_layer.norm_first was True
  self.encoder = nn.TransformerEncoder(encoder_layer, num_layers=num_layers)
/home/fbrunke/ML4HC-Project1/.venv/lib/python3.12/site-packages/umap/umap_.py:1952: UserWarning: n_jobs value 1 overridden to 1 by setting random_state. Use no seed for parallelism.
  warn(
/home/fbrunke/ML4HC-Project1/.venv/lib/python3.12/site-packages/umap/umap_.py:1952: UserWarning: n_jobs value 1 overridden to 1 by setting random_state. Use no seed for parallelism.
  warn(
/home/fbrunke/ML4HC-Project1/.venv/lib/python3.12/site-packages/umap/umap_.py:1952: UserWarning: n_jobs value 1 overridden to 1 by setting random_state. Use no seed for parallelism.
  warn(
/home/fbrunke/ML4HC-Project1/.venv/lib/python3.12/site-packages/umap/umap_.py:1952: UserWarning: n_jobs value 1 overridden to 1 by setting random_state. Use no seed for parallelism.
  warn(
/home/fbrunke/ML4HC-Project1/.venv/lib/python3.12/site-packages/umap/umap_.py:1952: UserWarning: n_jobs value 1 overridden to 1 by setting random_state. Use no seed for parallelism.
  warn(
/home/fbrunke/ML4HC-Project1/.venv/lib/python3.12/site-packages/umap/umap_.py:1952: UserWarning: n_jobs value 1 overridden to 1 by setting random_state. Use no seed for parallelism.
  warn(
/home/fbrunke/ML4HC-Project1/.venv/lib/python3.12/site-packages/umap/umap_.py:1952: UserWarning: n_jobs value 1 overridden to 1 by setting random_state. Use no seed for parallelism.
  warn(
/home/fbrunke/ML4HC-Project1/.venv/lib/python3.12/site-packages/umap/umap_.py:1952: UserWarning: n_jobs value 1 overridden to 1 by setting random_state. Use no seed for parallelism.
  warn(
/home/fbrunke/ML4HC-Project1/.venv/lib/python3.12/site-packages/umap/umap_.py:1952: UserWarning: n_jobs value 1 overridden to 1 by setting random_state. Use no seed for parallelism.
  warn(
/home/fbrunke/ML4HC-Project1/.venv/lib/python3.12/site-packages/umap/umap_.py:1952: UserWarning: n_jobs value 1 overridden to 1 by setting random_state. Use no seed for parallelism.
  warn(
/home/fbrunke/ML4HC-Project1/.venv/lib/python3.12/site-packages/umap/umap_.py:1952: UserWarning: n_jobs value 1 overridden to 1 by setting random_state. Use no seed for parallelism.
  warn(
/home/fbrunke/ML4HC-Project1/.venv/lib/python3.12/site-packages/umap/umap_.py:1952: UserWarning: n_jobs value 1 overridden to 1 by setting random_state. Use no seed for parallelism.
  warn(
wandb: updating run metadata
wandb: uploading output.log; uploading config.yaml
wandb: uploading history steps 0-5, summary, console lines 84-117
wandb: 
wandb: Run history:
wandb:             pretrain/centroid_distance ▁▂▃▅█
wandb:                   pretrain/probe_auroc █▆▃▂▁
wandb:                    pretrain/silhouette ▁▁▄▆█
wandb:    summary/embedding_centroid_distance ▁
wandb:           summary/embedding_silhouette ▁
wandb:             summary/q33_davies_bouldin ▁
wandb:                 summary/q33_silhouette ▁
wandb: summary/scarcity_1000_pretrained_auroc ▁
wandb: summary/scarcity_1000_supervised_auroc ▁
wandb:  summary/scarcity_100_pretrained_auroc ▁
wandb:                                     +5 ...
wandb: 
wandb: Run summary:
wandb:             pretrain/centroid_distance 0.44224
wandb:                   pretrain/probe_auroc 0.37634
wandb:                    pretrain/silhouette -0.00473
wandb:    summary/embedding_centroid_distance 0.48286
wandb:           summary/embedding_silhouette -0.01228
wandb:             summary/q33_davies_bouldin 8.33168
wandb:                 summary/q33_silhouette -0.01228
wandb: summary/scarcity_1000_pretrained_auroc 0.57145
wandb: summary/scarcity_1000_supervised_auroc 0.56948
wandb:  summary/scarcity_100_pretrained_auroc 0.58917
wandb:                                     +5 ...
wandb: 
wandb: 🚀 View run spring-sweep-1 at: https://wandb.ai/finn-brunke/ml4h_project/runs/s8gghaie
wandb: ⭐️ View project at: https://wandb.ai/finn-brunke/ml4h_project
wandb: Synced 5 W&B file(s), 0 media file(s), 0 artifact file(s) and 0 other file(s)
wandb: Find logs at: ./wandb/run-20260408_154417-s8gghaie/logs
wandb: Agent Starting Run: e36plog3 with config:
wandb: 	batch_size: 8
wandb: 	contrastive_weight: 1
wandb: 	d_model: 128
wandb: 	drop_ratio: 0.1
wandb: 	hard_negative_k: 3
wandb: 	layers: 1
wandb: 	lr: 0.0005
wandb: 	mask_ratio: 0.2
wandb: 	max_seq_len: 512
wandb: 	monitor_every: 1
wandb: 	multiscale_ratios: [1]
wandb: 	nhead: 4
wandb: 	pretrain_epochs: 5
wandb: 	reconstruction_weight: 2
wandb: 	seed: 42
wandb: 	ssl_method: hybrid
wandb: 	temperature: 0.1
wandb: 	time_freq_weight: 0
wandb: 	value_bins: 10
wandb: [wandb.login()] Loaded credentials for https://api.wandb.ai from WANDB_API_KEY.
wandb: WARNING Ignoring project 'ml4h_project' when running a sweep.
wandb: WARNING Ignoring entity 'finn-brunke' when running a sweep.
wandb: setting up run e36plog3
wandb: Tracking run with wandb version 0.25.1
wandb: Run data is saved locally in /home/fbrunke/ML4HC-Project1/wandb/run-20260408_155215-e36plog3
wandb: Run `wandb offline` to turn off syncing.
wandb: Syncing run soft-sweep-2
wandb: ⭐️ View project at https://wandb.ai/finn-brunke/ml4h_project
wandb: 🧹 View sweep at https://wandb.ai/finn-brunke/ml4h_project/sweeps/b64hmra4
wandb: 🚀 View run at https://wandb.ai/finn-brunke/ml4h_project/runs/e36plog3
/home/fbrunke/ML4HC-Project1/task3/auto_encoder_base.py:106: UserWarning: enable_nested_tensor is True, but self.use_nested_tensor is False because encoder_layer.norm_first was True
  self.encoder = nn.TransformerEncoder(encoder_layer, num_layers=num_layers)
/home/fbrunke/ML4HC-Project1/.venv/lib/python3.12/site-packages/umap/umap_.py:1952: UserWarning: n_jobs value 1 overridden to 1 by setting random_state. Use no seed for parallelism.
  warn(
/home/fbrunke/ML4HC-Project1/.venv/lib/python3.12/site-packages/umap/umap_.py:1952: UserWarning: n_jobs value 1 overridden to 1 by setting random_state. Use no seed for parallelism.
  warn(
/home/fbrunke/ML4HC-Project1/.venv/lib/python3.12/site-packages/umap/umap_.py:1952: UserWarning: n_jobs value 1 overridden to 1 by setting random_state. Use no seed for parallelism.
  warn(
/home/fbrunke/ML4HC-Project1/.venv/lib/python3.12/site-packages/umap/umap_.py:1952: UserWarning: n_jobs value 1 overridden to 1 by setting random_state. Use no seed for parallelism.
  warn(
/home/fbrunke/ML4HC-Project1/.venv/lib/python3.12/site-packages/umap/umap_.py:1952: UserWarning: n_jobs value 1 overridden to 1 by setting random_state. Use no seed for parallelism.
  warn(
/home/fbrunke/ML4HC-Project1/.venv/lib/python3.12/site-packages/umap/umap_.py:1952: UserWarning: n_jobs value 1 overridden to 1 by setting random_state. Use no seed for parallelism.
  warn(
/home/fbrunke/ML4HC-Project1/.venv/lib/python3.12/site-packages/umap/umap_.py:1952: UserWarning: n_jobs value 1 overridden to 1 by setting random_state. Use no seed for parallelism.
  warn(
/home/fbrunke/ML4HC-Project1/.venv/lib/python3.12/site-packages/umap/umap_.py:1952: UserWarning: n_jobs value 1 overridden to 1 by setting random_state. Use no seed for parallelism.
  warn(
/home/fbrunke/ML4HC-Project1/.venv/lib/python3.12/site-packages/umap/umap_.py:1952: UserWarning: n_jobs value 1 overridden to 1 by setting random_state. Use no seed for parallelism.
  warn(
/home/fbrunke/ML4HC-Project1/.venv/lib/python3.12/site-packages/umap/umap_.py:1952: UserWarning: n_jobs value 1 overridden to 1 by setting random_state. Use no seed for parallelism.
  warn(
/home/fbrunke/ML4HC-Project1/.venv/lib/python3.12/site-packages/umap/umap_.py:1952: UserWarning: n_jobs value 1 overridden to 1 by setting random_state. Use no seed for parallelism.
  warn(
/home/fbrunke/ML4HC-Project1/.venv/lib/python3.12/site-packages/umap/umap_.py:1952: UserWarning: n_jobs value 1 overridden to 1 by setting random_state. Use no seed for parallelism.
  warn(
wandb: updating run metadata
wandb: uploading output.log; uploading wandb-summary.json; uploading config.yaml
wandb: uploading history steps 0-5, summary, console lines 84-117
wandb: 
wandb: Run history:
wandb:             pretrain/centroid_distance ▁▃▅▇█
wandb:                   pretrain/probe_auroc ▁▇█▆▆
wandb:                    pretrain/silhouette ▇█▇▃▁
wandb:    summary/embedding_centroid_distance ▁
wandb:           summary/embedding_silhouette ▁
wandb:             summary/q33_davies_bouldin ▁
wandb:                 summary/q33_silhouette ▁
wandb: summary/scarcity_1000_pretrained_auroc ▁
wandb: summary/scarcity_1000_supervised_auroc ▁
wandb:  summary/scarcity_100_pretrained_auroc ▁
wandb:                                     +5 ...
wandb: 
wandb: Run summary:
wandb:             pretrain/centroid_distance 0.4234
wandb:                   pretrain/probe_auroc 0.54567
wandb:                    pretrain/silhouette -0.04785
wandb:    summary/embedding_centroid_distance 0.41415
wandb:           summary/embedding_silhouette -0.02899
wandb:             summary/q33_davies_bouldin 10.66394
wandb:                 summary/q33_silhouette -0.02899
wandb: summary/scarcity_1000_pretrained_auroc 0.5305
wandb: summary/scarcity_1000_supervised_auroc 0.49871
wandb:  summary/scarcity_100_pretrained_auroc 0.58276
wandb:                                     +5 ...
wandb: 
wandb: 🚀 View run soft-sweep-2 at: https://wandb.ai/finn-brunke/ml4h_project/runs/e36plog3
wandb: ⭐️ View project at: https://wandb.ai/finn-brunke/ml4h_project
wandb: Synced 5 W&B file(s), 0 media file(s), 0 artifact file(s) and 0 other file(s)
wandb: Find logs at: ./wandb/run-20260408_155215-e36plog3/logs
wandb: Agent Starting Run: o2d4etjd with config:
wandb: 	batch_size: 12
wandb: 	contrastive_weight: 0.5
wandb: 	d_model: 128
wandb: 	drop_ratio: 0.05
wandb: 	hard_negative_k: 5
wandb: 	layers: 1
wandb: 	lr: 0.0005
wandb: 	mask_ratio: 0.2
wandb: 	max_seq_len: 512
wandb: 	monitor_every: 1
wandb: 	multiscale_ratios: [1, 0.9]
wandb: 	nhead: 4
wandb: 	pretrain_epochs: 5
wandb: 	reconstruction_weight: 1
wandb: 	seed: 42
wandb: 	ssl_method: contrastive
wandb: 	temperature: 0.2
wandb: 	time_freq_weight: 0.1
wandb: 	value_bins: 10
wandb: [wandb.login()] Loaded credentials for https://api.wandb.ai from WANDB_API_KEY.
wandb: WARNING Ignoring project 'ml4h_project' when running a sweep.
wandb: WARNING Ignoring entity 'finn-brunke' when running a sweep.
wandb: setting up run o2d4etjd
wandb: Tracking run with wandb version 0.25.1
wandb: Run data is saved locally in /home/fbrunke/ML4HC-Project1/wandb/run-20260408_160010-o2d4etjd
wandb: Run `wandb offline` to turn off syncing.
wandb: Syncing run vivid-sweep-3
wandb: ⭐️ View project at https://wandb.ai/finn-brunke/ml4h_project
wandb: 🧹 View sweep at https://wandb.ai/finn-brunke/ml4h_project/sweeps/b64hmra4
wandb: 🚀 View run at https://wandb.ai/finn-brunke/ml4h_project/runs/o2d4etjd
/home/fbrunke/ML4HC-Project1/task3/auto_encoder_base.py:106: UserWarning: enable_nested_tensor is True, but self.use_nested_tensor is False because encoder_layer.norm_first was True
  self.encoder = nn.TransformerEncoder(encoder_layer, num_layers=num_layers)
/home/fbrunke/ML4HC-Project1/.venv/lib/python3.12/site-packages/umap/umap_.py:1952: UserWarning: n_jobs value 1 overridden to 1 by setting random_state. Use no seed for parallelism.
  warn(
/home/fbrunke/ML4HC-Project1/.venv/lib/python3.12/site-packages/umap/umap_.py:1952: UserWarning: n_jobs value 1 overridden to 1 by setting random_state. Use no seed for parallelism.
  warn(
/home/fbrunke/ML4HC-Project1/.venv/lib/python3.12/site-packages/umap/umap_.py:1952: UserWarning: n_jobs value 1 overridden to 1 by setting random_state. Use no seed for parallelism.
  warn(
/home/fbrunke/ML4HC-Project1/.venv/lib/python3.12/site-packages/umap/umap_.py:1952: UserWarning: n_jobs value 1 overridden to 1 by setting random_state. Use no seed for parallelism.
  warn(
/home/fbrunke/ML4HC-Project1/.venv/lib/python3.12/site-packages/umap/umap_.py:1952: UserWarning: n_jobs value 1 overridden to 1 by setting random_state. Use no seed for parallelism.
  warn(
/home/fbrunke/ML4HC-Project1/.venv/lib/python3.12/site-packages/umap/umap_.py:1952: UserWarning: n_jobs value 1 overridden to 1 by setting random_state. Use no seed for parallelism.
  warn(
/home/fbrunke/ML4HC-Project1/.venv/lib/python3.12/site-packages/umap/umap_.py:1952: UserWarning: n_jobs value 1 overridden to 1 by setting random_state. Use no seed for parallelism.
  warn(
/home/fbrunke/ML4HC-Project1/.venv/lib/python3.12/site-packages/umap/umap_.py:1952: UserWarning: n_jobs value 1 overridden to 1 by setting random_state. Use no seed for parallelism.
  warn(
/home/fbrunke/ML4HC-Project1/.venv/lib/python3.12/site-packages/umap/umap_.py:1952: UserWarning: n_jobs value 1 overridden to 1 by setting random_state. Use no seed for parallelism.
  warn(
/home/fbrunke/ML4HC-Project1/.venv/lib/python3.12/site-packages/umap/umap_.py:1952: UserWarning: n_jobs value 1 overridden to 1 by setting random_state. Use no seed for parallelism.
  warn(
/home/fbrunke/ML4HC-Project1/.venv/lib/python3.12/site-packages/umap/umap_.py:1952: UserWarning: n_jobs value 1 overridden to 1 by setting random_state. Use no seed for parallelism.
  warn(
/home/fbrunke/ML4HC-Project1/.venv/lib/python3.12/site-packages/umap/umap_.py:1952: UserWarning: n_jobs value 1 overridden to 1 by setting random_state. Use no seed for parallelism.
  warn(
wandb: updating run metadata
wandb: uploading output.log; uploading wandb-summary.json; uploading config.yaml
wandb: uploading output.log; uploading wandb-summary.json
wandb: uploading history steps 0-5, summary, console lines 90-117
wandb: 
wandb: Run history:
wandb:             pretrain/centroid_distance ▁▃▄▆█
wandb:                   pretrain/probe_auroc ▁▂▆██
wandb:                    pretrain/silhouette ▃▁▃▇█
wandb:    summary/embedding_centroid_distance ▁
wandb:           summary/embedding_silhouette ▁
wandb:             summary/q33_davies_bouldin ▁
wandb:                 summary/q33_silhouette ▁
wandb: summary/scarcity_1000_pretrained_auroc ▁
wandb: summary/scarcity_1000_supervised_auroc ▁
wandb:  summary/scarcity_100_pretrained_auroc ▁
wandb:                                     +5 ...
wandb: 
wandb: Run summary:
wandb:             pretrain/centroid_distance 0.15881
wandb:                   pretrain/probe_auroc 0.42495
wandb:                    pretrain/silhouette -0.03659
wandb:    summary/embedding_centroid_distance 0.21332
wandb:           summary/embedding_silhouette -0.02214
wandb:             summary/q33_davies_bouldin 9.31922
wandb:                 summary/q33_silhouette -0.02214
wandb: summary/scarcity_1000_pretrained_auroc 0.64405
wandb: summary/scarcity_1000_supervised_auroc 0.58455
wandb:  summary/scarcity_100_pretrained_auroc 0.57246
wandb:                                     +5 ...
wandb: 
wandb: 🚀 View run vivid-sweep-3 at: https://wandb.ai/finn-brunke/ml4h_project/runs/o2d4etjd
wandb: ⭐️ View project at: https://wandb.ai/finn-brunke/ml4h_project
wandb: Synced 5 W&B file(s), 0 media file(s), 0 artifact file(s) and 0 other file(s)
wandb: Find logs at: ./wandb/run-20260408_160010-o2d4etjd/logs
wandb: Sweep Agent: Waiting for job.
wandb: Job received.
wandb: Agent Starting Run: l1c4iql5 with config:
wandb: 	batch_size: 12
wandb: 	contrastive_weight: 1
wandb: 	d_model: 64
wandb: 	drop_ratio: 0.1
wandb: 	hard_negative_k: 3
wandb: 	layers: 2
wandb: 	lr: 0.005
wandb: 	mask_ratio: 0.2
wandb: 	max_seq_len: 512
wandb: 	monitor_every: 1
wandb: 	multiscale_ratios: [1, 0.9]
wandb: 	nhead: 4
wandb: 	pretrain_epochs: 5
wandb: 	reconstruction_weight: 1
wandb: 	seed: 42
wandb: 	ssl_method: hybrid
wandb: 	temperature: 0.05
wandb: 	time_freq_weight: 0.2
wandb: 	value_bins: 10
wandb: [wandb.login()] Loaded credentials for https://api.wandb.ai from WANDB_API_KEY.
wandb: WARNING Ignoring project 'ml4h_project' when running a sweep.
wandb: WARNING Ignoring entity 'finn-brunke' when running a sweep.
wandb: Tracking run with wandb version 0.25.1
wandb: Run data is saved locally in /home/fbrunke/ML4HC-Project1/wandb/run-20260408_160839-l1c4iql5
wandb: Run `wandb offline` to turn off syncing.
wandb: Syncing run ethereal-sweep-4
wandb: ⭐️ View project at https://wandb.ai/finn-brunke/ml4h_project
wandb: 🧹 View sweep at https://wandb.ai/finn-brunke/ml4h_project/sweeps/b64hmra4
wandb: 🚀 View run at https://wandb.ai/finn-brunke/ml4h_project/runs/l1c4iql5
[2026-04-08T16:11:32.523] error: *** JOB 46795 ON studgpu-node01 CANCELLED AT 2026-04-08T16:11:32 DUE to SIGNAL Terminated ***
