ERROR: pip's dependency resolver does not currently take into account all the packages that are installed. This behaviour is the source of the following dependency conflicts.
torch 2.11.0 requires setuptools<82, but you have setuptools 82.0.1 which is incompatible.
wandb: [wandb.login()] Loaded credentials for https://api.wandb.ai from WANDB_API_KEY.
wandb: Agent Starting Run: f2hqox7o with config:
wandb: 	batch_size: 8
wandb: 	contrastive_weight: 0.5
wandb: 	d_model: 64
wandb: 	drop_ratio: 0.05
wandb: 	hard_negative_k: 5
wandb: 	layers: 3
wandb: 	lr: 0.005
wandb: 	mask_ratio: 0.2
wandb: 	max_seq_len: 512
wandb: 	monitor_every: 1
wandb: 	multiscale_ratios: [1, 0.9]
wandb: 	nhead: 2
wandb: 	pretrain_epochs: 20
wandb: 	reconstruction_weight: 1
wandb: 	seed: 42
wandb: 	ssl_method: contrastive
wandb: 	temperature: 0.05
wandb: 	time_freq_weight: 0.1
wandb: 	value_bins: 10
wandb: [wandb.login()] Loaded credentials for https://api.wandb.ai from WANDB_API_KEY.
wandb: Currently logged in as: finnbrunke (finn-brunke) to https://api.wandb.ai. Use `wandb login --relogin` to force relogin
wandb: WARNING Ignoring project 'ml4h_project' when running a sweep.
wandb: WARNING Ignoring entity 'finn-brunke' when running a sweep.
wandb: setting up run f2hqox7o
wandb: Tracking run with wandb version 0.25.1
wandb: Run data is saved locally in /home/fbrunke/ML4HC-Project1/wandb/run-20260409_123037-f2hqox7o
wandb: Run `wandb offline` to turn off syncing.
wandb: Syncing run good-sweep-1
wandb: ⭐️ View project at https://wandb.ai/finn-brunke/ml4h_project
wandb: 🧹 View sweep at https://wandb.ai/finn-brunke/ml4h_project/sweeps/spd2pzb1
wandb: 🚀 View run at https://wandb.ai/finn-brunke/ml4h_project/runs/f2hqox7o
/home/fbrunke/ML4HC-Project1/task3/auto_encoder_base.py:106: UserWarning: enable_nested_tensor is True, but self.use_nested_tensor is False because encoder_layer.norm_first was True
  self.encoder = nn.TransformerEncoder(encoder_layer, num_layers=num_layers)
/home/fbrunke/ML4HC-Project1/.venv/lib/python3.12/site-packages/sklearn/linear_model/_logistic.py:406: ConvergenceWarning: lbfgs failed to converge after 1000 iteration(s) (status=1):
STOP: TOTAL NO. OF ITERATIONS REACHED LIMIT

Increase the number of iterations to improve the convergence (max_iter=1000).
You might also want to scale the data as shown in:
    https://scikit-learn.org/stable/modules/preprocessing.html
Please also refer to the documentation for alternative solver options:
    https://scikit-learn.org/stable/modules/linear_model.html#logistic-regression
  n_iter_i = _check_optimize_result(
/home/fbrunke/ML4HC-Project1/.venv/lib/python3.12/site-packages/sklearn/linear_model/_logistic.py:406: ConvergenceWarning: lbfgs failed to converge after 1000 iteration(s) (status=1):
STOP: TOTAL NO. OF ITERATIONS REACHED LIMIT

Increase the number of iterations to improve the convergence (max_iter=1000).
You might also want to scale the data as shown in:
    https://scikit-learn.org/stable/modules/preprocessing.html
Please also refer to the documentation for alternative solver options:
    https://scikit-learn.org/stable/modules/linear_model.html#logistic-regression
  n_iter_i = _check_optimize_result(
/home/fbrunke/ML4HC-Project1/.venv/lib/python3.12/site-packages/sklearn/linear_model/_logistic.py:406: ConvergenceWarning: lbfgs failed to converge after 1000 iteration(s) (status=1):
STOP: TOTAL NO. OF ITERATIONS REACHED LIMIT

Increase the number of iterations to improve the convergence (max_iter=1000).
You might also want to scale the data as shown in:
    https://scikit-learn.org/stable/modules/preprocessing.html
Please also refer to the documentation for alternative solver options:
    https://scikit-learn.org/stable/modules/linear_model.html#logistic-regression
  n_iter_i = _check_optimize_result(
/home/fbrunke/ML4HC-Project1/.venv/lib/python3.12/site-packages/sklearn/linear_model/_logistic.py:406: ConvergenceWarning: lbfgs failed to converge after 1000 iteration(s) (status=1):
STOP: TOTAL NO. OF ITERATIONS REACHED LIMIT

Increase the number of iterations to improve the convergence (max_iter=1000).
You might also want to scale the data as shown in:
    https://scikit-learn.org/stable/modules/preprocessing.html
Please also refer to the documentation for alternative solver options:
    https://scikit-learn.org/stable/modules/linear_model.html#logistic-regression
  n_iter_i = _check_optimize_result(
/home/fbrunke/ML4HC-Project1/.venv/lib/python3.12/site-packages/sklearn/linear_model/_logistic.py:406: ConvergenceWarning: lbfgs failed to converge after 1000 iteration(s) (status=1):
STOP: TOTAL NO. OF ITERATIONS REACHED LIMIT

Increase the number of iterations to improve the convergence (max_iter=1000).
You might also want to scale the data as shown in:
    https://scikit-learn.org/stable/modules/preprocessing.html
Please also refer to the documentation for alternative solver options:
    https://scikit-learn.org/stable/modules/linear_model.html#logistic-regression
  n_iter_i = _check_optimize_result(
/home/fbrunke/ML4HC-Project1/.venv/lib/python3.12/site-packages/sklearn/linear_model/_logistic.py:406: ConvergenceWarning: lbfgs failed to converge after 1000 iteration(s) (status=1):
STOP: TOTAL NO. OF ITERATIONS REACHED LIMIT

Increase the number of iterations to improve the convergence (max_iter=1000).
You might also want to scale the data as shown in:
    https://scikit-learn.org/stable/modules/preprocessing.html
Please also refer to the documentation for alternative solver options:
    https://scikit-learn.org/stable/modules/linear_model.html#logistic-regression
  n_iter_i = _check_optimize_result(
/home/fbrunke/ML4HC-Project1/.venv/lib/python3.12/site-packages/sklearn/linear_model/_logistic.py:406: ConvergenceWarning: lbfgs failed to converge after 1000 iteration(s) (status=1):
STOP: TOTAL NO. OF ITERATIONS REACHED LIMIT

Increase the number of iterations to improve the convergence (max_iter=1000).
You might also want to scale the data as shown in:
    https://scikit-learn.org/stable/modules/preprocessing.html
Please also refer to the documentation for alternative solver options:
    https://scikit-learn.org/stable/modules/linear_model.html#logistic-regression
  n_iter_i = _check_optimize_result(
/home/fbrunke/ML4HC-Project1/.venv/lib/python3.12/site-packages/sklearn/linear_model/_logistic.py:406: ConvergenceWarning: lbfgs failed to converge after 1000 iteration(s) (status=1):
STOP: TOTAL NO. OF ITERATIONS REACHED LIMIT

Increase the number of iterations to improve the convergence (max_iter=1000).
You might also want to scale the data as shown in:
    https://scikit-learn.org/stable/modules/preprocessing.html
Please also refer to the documentation for alternative solver options:
    https://scikit-learn.org/stable/modules/linear_model.html#logistic-regression
  n_iter_i = _check_optimize_result(
/home/fbrunke/ML4HC-Project1/.venv/lib/python3.12/site-packages/sklearn/linear_model/_logistic.py:406: ConvergenceWarning: lbfgs failed to converge after 1000 iteration(s) (status=1):
STOP: TOTAL NO. OF ITERATIONS REACHED LIMIT

Increase the number of iterations to improve the convergence (max_iter=1000).
You might also want to scale the data as shown in:
    https://scikit-learn.org/stable/modules/preprocessing.html
Please also refer to the documentation for alternative solver options:
    https://scikit-learn.org/stable/modules/linear_model.html#logistic-regression
  n_iter_i = _check_optimize_result(
/home/fbrunke/ML4HC-Project1/.venv/lib/python3.12/site-packages/sklearn/linear_model/_logistic.py:406: ConvergenceWarning: lbfgs failed to converge after 1000 iteration(s) (status=1):
STOP: TOTAL NO. OF ITERATIONS REACHED LIMIT

Increase the number of iterations to improve the convergence (max_iter=1000).
You might also want to scale the data as shown in:
    https://scikit-learn.org/stable/modules/preprocessing.html
Please also refer to the documentation for alternative solver options:
    https://scikit-learn.org/stable/modules/linear_model.html#logistic-regression
  n_iter_i = _check_optimize_result(
/home/fbrunke/ML4HC-Project1/.venv/lib/python3.12/site-packages/sklearn/linear_model/_logistic.py:406: ConvergenceWarning: lbfgs failed to converge after 1000 iteration(s) (status=1):
STOP: TOTAL NO. OF ITERATIONS REACHED LIMIT

Increase the number of iterations to improve the convergence (max_iter=1000).
You might also want to scale the data as shown in:
    https://scikit-learn.org/stable/modules/preprocessing.html
Please also refer to the documentation for alternative solver options:
    https://scikit-learn.org/stable/modules/linear_model.html#logistic-regression
  n_iter_i = _check_optimize_result(
/home/fbrunke/ML4HC-Project1/.venv/lib/python3.12/site-packages/sklearn/linear_model/_logistic.py:406: ConvergenceWarning: lbfgs failed to converge after 1000 iteration(s) (status=1):
STOP: TOTAL NO. OF ITERATIONS REACHED LIMIT

Increase the number of iterations to improve the convergence (max_iter=1000).
You might also want to scale the data as shown in:
    https://scikit-learn.org/stable/modules/preprocessing.html
Please also refer to the documentation for alternative solver options:
    https://scikit-learn.org/stable/modules/linear_model.html#logistic-regression
  n_iter_i = _check_optimize_result(
/home/fbrunke/ML4HC-Project1/.venv/lib/python3.12/site-packages/sklearn/linear_model/_logistic.py:406: ConvergenceWarning: lbfgs failed to converge after 1000 iteration(s) (status=1):
STOP: TOTAL NO. OF ITERATIONS REACHED LIMIT

Increase the number of iterations to improve the convergence (max_iter=1000).
You might also want to scale the data as shown in:
    https://scikit-learn.org/stable/modules/preprocessing.html
Please also refer to the documentation for alternative solver options:
    https://scikit-learn.org/stable/modules/linear_model.html#logistic-regression
  n_iter_i = _check_optimize_result(
/home/fbrunke/ML4HC-Project1/.venv/lib/python3.12/site-packages/sklearn/linear_model/_logistic.py:406: ConvergenceWarning: lbfgs failed to converge after 1000 iteration(s) (status=1):
STOP: TOTAL NO. OF ITERATIONS REACHED LIMIT

Increase the number of iterations to improve the convergence (max_iter=1000).
You might also want to scale the data as shown in:
    https://scikit-learn.org/stable/modules/preprocessing.html
Please also refer to the documentation for alternative solver options:
    https://scikit-learn.org/stable/modules/linear_model.html#logistic-regression
  n_iter_i = _check_optimize_result(
/home/fbrunke/ML4HC-Project1/.venv/lib/python3.12/site-packages/sklearn/linear_model/_logistic.py:406: ConvergenceWarning: lbfgs failed to converge after 1000 iteration(s) (status=1):
STOP: TOTAL NO. OF ITERATIONS REACHED LIMIT

Increase the number of iterations to improve the convergence (max_iter=1000).
You might also want to scale the data as shown in:
    https://scikit-learn.org/stable/modules/preprocessing.html
Please also refer to the documentation for alternative solver options:
    https://scikit-learn.org/stable/modules/linear_model.html#logistic-regression
  n_iter_i = _check_optimize_result(
/home/fbrunke/ML4HC-Project1/.venv/lib/python3.12/site-packages/sklearn/linear_model/_logistic.py:406: ConvergenceWarning: lbfgs failed to converge after 1000 iteration(s) (status=1):
STOP: TOTAL NO. OF ITERATIONS REACHED LIMIT

Increase the number of iterations to improve the convergence (max_iter=1000).
You might also want to scale the data as shown in:
    https://scikit-learn.org/stable/modules/preprocessing.html
Please also refer to the documentation for alternative solver options:
    https://scikit-learn.org/stable/modules/linear_model.html#logistic-regression
  n_iter_i = _check_optimize_result(
/home/fbrunke/ML4HC-Project1/.venv/lib/python3.12/site-packages/sklearn/linear_model/_logistic.py:406: ConvergenceWarning: lbfgs failed to converge after 1000 iteration(s) (status=1):
STOP: TOTAL NO. OF ITERATIONS REACHED LIMIT

Increase the number of iterations to improve the convergence (max_iter=1000).
You might also want to scale the data as shown in:
    https://scikit-learn.org/stable/modules/preprocessing.html
Please also refer to the documentation for alternative solver options:
    https://scikit-learn.org/stable/modules/linear_model.html#logistic-regression
  n_iter_i = _check_optimize_result(
/home/fbrunke/ML4HC-Project1/.venv/lib/python3.12/site-packages/sklearn/linear_model/_logistic.py:406: ConvergenceWarning: lbfgs failed to converge after 1000 iteration(s) (status=1):
STOP: TOTAL NO. OF ITERATIONS REACHED LIMIT

Increase the number of iterations to improve the convergence (max_iter=1000).
You might also want to scale the data as shown in:
    https://scikit-learn.org/stable/modules/preprocessing.html
Please also refer to the documentation for alternative solver options:
    https://scikit-learn.org/stable/modules/linear_model.html#logistic-regression
  n_iter_i = _check_optimize_result(
/home/fbrunke/ML4HC-Project1/.venv/lib/python3.12/site-packages/sklearn/linear_model/_logistic.py:406: ConvergenceWarning: lbfgs failed to converge after 1000 iteration(s) (status=1):
STOP: TOTAL NO. OF ITERATIONS REACHED LIMIT

Increase the number of iterations to improve the convergence (max_iter=1000).
You might also want to scale the data as shown in:
    https://scikit-learn.org/stable/modules/preprocessing.html
Please also refer to the documentation for alternative solver options:
    https://scikit-learn.org/stable/modules/linear_model.html#logistic-regression
  n_iter_i = _check_optimize_result(
/home/fbrunke/ML4HC-Project1/.venv/lib/python3.12/site-packages/sklearn/linear_model/_logistic.py:406: ConvergenceWarning: lbfgs failed to converge after 1000 iteration(s) (status=1):
STOP: TOTAL NO. OF ITERATIONS REACHED LIMIT

Increase the number of iterations to improve the convergence (max_iter=1000).
You might also want to scale the data as shown in:
    https://scikit-learn.org/stable/modules/preprocessing.html
Please also refer to the documentation for alternative solver options:
    https://scikit-learn.org/stable/modules/linear_model.html#logistic-regression
  n_iter_i = _check_optimize_result(
/home/fbrunke/ML4HC-Project1/.venv/lib/python3.12/site-packages/sklearn/linear_model/_logistic.py:406: ConvergenceWarning: lbfgs failed to converge after 1000 iteration(s) (status=1):
STOP: TOTAL NO. OF ITERATIONS REACHED LIMIT

Increase the number of iterations to improve the convergence (max_iter=1000).
You might also want to scale the data as shown in:
    https://scikit-learn.org/stable/modules/preprocessing.html
Please also refer to the documentation for alternative solver options:
    https://scikit-learn.org/stable/modules/linear_model.html#logistic-regression
  n_iter_i = _check_optimize_result(
/home/fbrunke/ML4HC-Project1/.venv/lib/python3.12/site-packages/sklearn/linear_model/_logistic.py:406: ConvergenceWarning: lbfgs failed to converge after 1000 iteration(s) (status=1):
STOP: TOTAL NO. OF ITERATIONS REACHED LIMIT

Increase the number of iterations to improve the convergence (max_iter=1000).
You might also want to scale the data as shown in:
    https://scikit-learn.org/stable/modules/preprocessing.html
Please also refer to the documentation for alternative solver options:
    https://scikit-learn.org/stable/modules/linear_model.html#logistic-regression
  n_iter_i = _check_optimize_result(
/home/fbrunke/ML4HC-Project1/.venv/lib/python3.12/site-packages/sklearn/linear_model/_logistic.py:406: ConvergenceWarning: lbfgs failed to converge after 1000 iteration(s) (status=1):
STOP: TOTAL NO. OF ITERATIONS REACHED LIMIT

Increase the number of iterations to improve the convergence (max_iter=1000).
You might also want to scale the data as shown in:
    https://scikit-learn.org/stable/modules/preprocessing.html
Please also refer to the documentation for alternative solver options:
    https://scikit-learn.org/stable/modules/linear_model.html#logistic-regression
  n_iter_i = _check_optimize_result(
/home/fbrunke/ML4HC-Project1/.venv/lib/python3.12/site-packages/umap/umap_.py:1952: UserWarning: n_jobs value 1 overridden to 1 by setting random_state. Use no seed for parallelism.
  warn(
/home/fbrunke/ML4HC-Project1/.venv/lib/python3.12/site-packages/umap/umap_.py:1952: UserWarning: n_jobs value 1 overridden to 1 by setting random_state. Use no seed for parallelism.
  warn(
/home/fbrunke/ML4HC-Project1/.venv/lib/python3.12/site-packages/umap/umap_.py:1952: UserWarning: n_jobs value 1 overridden to 1 by setting random_state. Use no seed for parallelism.
  warn(
/home/fbrunke/ML4HC-Project1/.venv/lib/python3.12/site-packages/umap/umap_.py:1952: UserWarning: n_jobs value 1 overridden to 1 by setting random_state. Use no seed for parallelism.
  warn(
/home/fbrunke/ML4HC-Project1/.venv/lib/python3.12/site-packages/umap/umap_.py:1952: UserWarning: n_jobs value 1 overridden to 1 by setting random_state. Use no seed for parallelism.
  warn(
/home/fbrunke/ML4HC-Project1/.venv/lib/python3.12/site-packages/umap/umap_.py:1952: UserWarning: n_jobs value 1 overridden to 1 by setting random_state. Use no seed for parallelism.
  warn(
/home/fbrunke/ML4HC-Project1/.venv/lib/python3.12/site-packages/umap/umap_.py:1952: UserWarning: n_jobs value 1 overridden to 1 by setting random_state. Use no seed for parallelism.
  warn(
/home/fbrunke/ML4HC-Project1/.venv/lib/python3.12/site-packages/umap/umap_.py:1952: UserWarning: n_jobs value 1 overridden to 1 by setting random_state. Use no seed for parallelism.
  warn(
/home/fbrunke/ML4HC-Project1/.venv/lib/python3.12/site-packages/umap/umap_.py:1952: UserWarning: n_jobs value 1 overridden to 1 by setting random_state. Use no seed for parallelism.
  warn(
/home/fbrunke/ML4HC-Project1/.venv/lib/python3.12/site-packages/umap/umap_.py:1952: UserWarning: n_jobs value 1 overridden to 1 by setting random_state. Use no seed for parallelism.
  warn(
/home/fbrunke/ML4HC-Project1/.venv/lib/python3.12/site-packages/umap/umap_.py:1952: UserWarning: n_jobs value 1 overridden to 1 by setting random_state. Use no seed for parallelism.
  warn(
/home/fbrunke/ML4HC-Project1/.venv/lib/python3.12/site-packages/umap/umap_.py:1952: UserWarning: n_jobs value 1 overridden to 1 by setting random_state. Use no seed for parallelism.
  warn(
wandb: updating run metadata
wandb: uploading output.log; uploading wandb-summary.json; uploading config.yaml
wandb: uploading history steps 0-20, summary, console lines 307-355
wandb: 
wandb: Run history:
wandb:          pretrain/centroid_distance ▁▁▁▂▂▂▃▃▄▄▄▄▅▅▆▆▆▆▇█
wandb:                pretrain/probe_auroc ▅▅▆▇▃▁▅▄▇▇█▂▆▇▃▆▇▆▄▃
wandb:                 pretrain/silhouette ▄█▅█▅▃▅▅▇▃▁▂▃▄▁▂▂▁▄▂
wandb:                 summary/active_dims ▁
wandb:              summary/effective_rank ▁
wandb: summary/embedding_centroid_distance ▁
wandb:        summary/embedding_silhouette ▁
wandb:            summary/feature_std_mean ▁
wandb:             summary/feature_std_min ▁
wandb:     summary/mean_abs_cosine_offdiag ▁
wandb:                                 +10 ...
wandb: 
wandb: Run summary:
wandb:          pretrain/centroid_distance 403.91904
wandb:                pretrain/probe_auroc 0.57265
wandb:                 pretrain/silhouette 0.00829
wandb:                 summary/active_dims 64
wandb:              summary/effective_rank 1.74955
wandb: summary/embedding_centroid_distance 440.98752
wandb:        summary/embedding_silhouette -0.00274
wandb:            summary/feature_std_mean 111.03118
wandb:             summary/feature_std_min 6.32207
wandb:     summary/mean_abs_cosine_offdiag 0.68743
wandb:                                 +10 ...
wandb: 
wandb: 🚀 View run good-sweep-1 at: https://wandb.ai/finn-brunke/ml4h_project/runs/f2hqox7o
wandb: ⭐️ View project at: https://wandb.ai/finn-brunke/ml4h_project
wandb: Synced 5 W&B file(s), 0 media file(s), 0 artifact file(s) and 0 other file(s)
wandb: Find logs at: ./wandb/run-20260409_123037-f2hqox7o/logs
wandb: Agent Starting Run: 73b58c6x with config:
wandb: 	batch_size: 32
wandb: 	contrastive_weight: 0.5
wandb: 	d_model: 64
wandb: 	drop_ratio: 0.1
wandb: 	hard_negative_k: 3
wandb: 	layers: 3
wandb: 	lr: 0.002
wandb: 	mask_ratio: 0.2
wandb: 	max_seq_len: 512
wandb: 	monitor_every: 1
wandb: 	multiscale_ratios: [1, 0.9]
wandb: 	nhead: 4
wandb: 	pretrain_epochs: 50
wandb: 	reconstruction_weight: 0.5
wandb: 	seed: 42
wandb: 	ssl_method: contrastive
wandb: 	temperature: 0.1
wandb: 	time_freq_weight: 0.1
wandb: 	value_bins: 10
wandb: [wandb.login()] Loaded credentials for https://api.wandb.ai from WANDB_API_KEY.
wandb: WARNING Ignoring project 'ml4h_project' when running a sweep.
wandb: WARNING Ignoring entity 'finn-brunke' when running a sweep.
wandb: setting up run 73b58c6x
wandb: Tracking run with wandb version 0.25.1
wandb: Run data is saved locally in /home/fbrunke/ML4HC-Project1/wandb/run-20260409_124908-73b58c6x
wandb: Run `wandb offline` to turn off syncing.
wandb: Syncing run vague-sweep-2
wandb: ⭐️ View project at https://wandb.ai/finn-brunke/ml4h_project
wandb: 🧹 View sweep at https://wandb.ai/finn-brunke/ml4h_project/sweeps/spd2pzb1
wandb: 🚀 View run at https://wandb.ai/finn-brunke/ml4h_project/runs/73b58c6x
/home/fbrunke/ML4HC-Project1/task3/auto_encoder_base.py:106: UserWarning: enable_nested_tensor is True, but self.use_nested_tensor is False because encoder_layer.norm_first was True
  self.encoder = nn.TransformerEncoder(encoder_layer, num_layers=num_layers)
/home/fbrunke/ML4HC-Project1/.venv/lib/python3.12/site-packages/umap/umap_.py:1952: UserWarning: n_jobs value 1 overridden to 1 by setting random_state. Use no seed for parallelism.
  warn(
/home/fbrunke/ML4HC-Project1/.venv/lib/python3.12/site-packages/umap/umap_.py:1952: UserWarning: n_jobs value 1 overridden to 1 by setting random_state. Use no seed for parallelism.
  warn(
/home/fbrunke/ML4HC-Project1/.venv/lib/python3.12/site-packages/umap/umap_.py:1952: UserWarning: n_jobs value 1 overridden to 1 by setting random_state. Use no seed for parallelism.
  warn(
/home/fbrunke/ML4HC-Project1/.venv/lib/python3.12/site-packages/umap/umap_.py:1952: UserWarning: n_jobs value 1 overridden to 1 by setting random_state. Use no seed for parallelism.
  warn(
/home/fbrunke/ML4HC-Project1/.venv/lib/python3.12/site-packages/umap/umap_.py:1952: UserWarning: n_jobs value 1 overridden to 1 by setting random_state. Use no seed for parallelism.
  warn(
/home/fbrunke/ML4HC-Project1/.venv/lib/python3.12/site-packages/umap/umap_.py:1952: UserWarning: n_jobs value 1 overridden to 1 by setting random_state. Use no seed for parallelism.
  warn(
/home/fbrunke/ML4HC-Project1/.venv/lib/python3.12/site-packages/umap/umap_.py:1952: UserWarning: n_jobs value 1 overridden to 1 by setting random_state. Use no seed for parallelism.
  warn(
/home/fbrunke/ML4HC-Project1/.venv/lib/python3.12/site-packages/umap/umap_.py:1952: UserWarning: n_jobs value 1 overridden to 1 by setting random_state. Use no seed for parallelism.
  warn(
/home/fbrunke/ML4HC-Project1/.venv/lib/python3.12/site-packages/umap/umap_.py:1952: UserWarning: n_jobs value 1 overridden to 1 by setting random_state. Use no seed for parallelism.
  warn(
/home/fbrunke/ML4HC-Project1/.venv/lib/python3.12/site-packages/umap/umap_.py:1952: UserWarning: n_jobs value 1 overridden to 1 by setting random_state. Use no seed for parallelism.
  warn(
/home/fbrunke/ML4HC-Project1/.venv/lib/python3.12/site-packages/umap/umap_.py:1952: UserWarning: n_jobs value 1 overridden to 1 by setting random_state. Use no seed for parallelism.
  warn(
/home/fbrunke/ML4HC-Project1/.venv/lib/python3.12/site-packages/umap/umap_.py:1952: UserWarning: n_jobs value 1 overridden to 1 by setting random_state. Use no seed for parallelism.
  warn(
wandb: updating run metadata
wandb: uploading history steps 0-50, summary, console lines 181-208
wandb: 
wandb: Run history:
wandb:          pretrain/centroid_distance ▁▄▅▆▇█▇█▇██▇██▇▇▇█▆█▆▅▆▆▆▆▅▅▅▅▆▅▅▅▄▅▅▃▄▅
wandb:                pretrain/probe_auroc ▁▃▄▅▅▅▅▆▅▆▆▅▆▅▅▅▆▆▅▆▇▆▇▆▆█▇▇█▇▇▇▇▆▇█▇▇▇▆
wandb:                 pretrain/silhouette ▅███▇▆█▆▆▅▄▆▆▅▅▃▅▄▆▃▂▄▄▄▄▃▄▄▄▅▄▄▃▂▄▅▁▄▅▅
wandb:                 summary/active_dims ▁
wandb:              summary/effective_rank ▁
wandb: summary/embedding_centroid_distance ▁
wandb:        summary/embedding_silhouette ▁
wandb:            summary/feature_std_mean ▁
wandb:             summary/feature_std_min ▁
wandb:     summary/mean_abs_cosine_offdiag ▁
wandb:                                 +10 ...
wandb: 
wandb: Run summary:
wandb:          pretrain/centroid_distance 2.88704
wandb:                pretrain/probe_auroc 0.73451
wandb:                 pretrain/silhouette 0.01427
wandb:                 summary/active_dims 64
wandb:              summary/effective_rank 15.35021
wandb: summary/embedding_centroid_distance 3.40058
wandb:        summary/embedding_silhouette 0.03685
wandb:            summary/feature_std_mean 0.78091
wandb:             summary/feature_std_min 0.29157
wandb:     summary/mean_abs_cosine_offdiag 0.84071
wandb:                                 +10 ...
wandb: 
wandb: 🚀 View run vague-sweep-2 at: https://wandb.ai/finn-brunke/ml4h_project/runs/73b58c6x
wandb: ⭐️ View project at: https://wandb.ai/finn-brunke/ml4h_project
wandb: Synced 5 W&B file(s), 0 media file(s), 0 artifact file(s) and 0 other file(s)
wandb: Find logs at: ./wandb/run-20260409_124908-73b58c6x/logs
wandb: Sweep Agent: Waiting for job.
wandb: Job received.
wandb: Agent Starting Run: uysgobop with config:
wandb: 	batch_size: 16
wandb: 	contrastive_weight: 0.5
wandb: 	d_model: 64
wandb: 	drop_ratio: 0.05
wandb: 	hard_negative_k: 5
wandb: 	layers: 1
wandb: 	lr: 0.0005
wandb: 	mask_ratio: 0.2
wandb: 	max_seq_len: 512
wandb: 	monitor_every: 1
wandb: 	multiscale_ratios: [1, 0.9]
wandb: 	nhead: 2
wandb: 	pretrain_epochs: 50
wandb: 	reconstruction_weight: 1.5
wandb: 	seed: 42
wandb: 	ssl_method: contrastive
wandb: 	temperature: 0.2
wandb: 	time_freq_weight: 0.1
wandb: 	value_bins: 10
wandb: [wandb.login()] Loaded credentials for https://api.wandb.ai from WANDB_API_KEY.
wandb: WARNING Ignoring project 'ml4h_project' when running a sweep.
wandb: WARNING Ignoring entity 'finn-brunke' when running a sweep.
wandb: setting up run uysgobop
wandb: Tracking run with wandb version 0.25.1
wandb: Run data is saved locally in /home/fbrunke/ML4HC-Project1/wandb/run-20260409_130828-uysgobop
wandb: Run `wandb offline` to turn off syncing.
wandb: Syncing run lyric-sweep-3
wandb: ⭐️ View project at https://wandb.ai/finn-brunke/ml4h_project
wandb: 🧹 View sweep at https://wandb.ai/finn-brunke/ml4h_project/sweeps/spd2pzb1
wandb: 🚀 View run at https://wandb.ai/finn-brunke/ml4h_project/runs/uysgobop
/home/fbrunke/ML4HC-Project1/task3/auto_encoder_base.py:106: UserWarning: enable_nested_tensor is True, but self.use_nested_tensor is False because encoder_layer.norm_first was True
  self.encoder = nn.TransformerEncoder(encoder_layer, num_layers=num_layers)
/home/fbrunke/ML4HC-Project1/.venv/lib/python3.12/site-packages/umap/umap_.py:1952: UserWarning: n_jobs value 1 overridden to 1 by setting random_state. Use no seed for parallelism.
  warn(
/home/fbrunke/ML4HC-Project1/.venv/lib/python3.12/site-packages/umap/umap_.py:1952: UserWarning: n_jobs value 1 overridden to 1 by setting random_state. Use no seed for parallelism.
  warn(
/home/fbrunke/ML4HC-Project1/.venv/lib/python3.12/site-packages/umap/umap_.py:1952: UserWarning: n_jobs value 1 overridden to 1 by setting random_state. Use no seed for parallelism.
  warn(
/home/fbrunke/ML4HC-Project1/.venv/lib/python3.12/site-packages/umap/umap_.py:1952: UserWarning: n_jobs value 1 overridden to 1 by setting random_state. Use no seed for parallelism.
  warn(
/home/fbrunke/ML4HC-Project1/.venv/lib/python3.12/site-packages/umap/umap_.py:1952: UserWarning: n_jobs value 1 overridden to 1 by setting random_state. Use no seed for parallelism.
  warn(
/home/fbrunke/ML4HC-Project1/.venv/lib/python3.12/site-packages/umap/umap_.py:1952: UserWarning: n_jobs value 1 overridden to 1 by setting random_state. Use no seed for parallelism.
  warn(
/home/fbrunke/ML4HC-Project1/.venv/lib/python3.12/site-packages/umap/umap_.py:1952: UserWarning: n_jobs value 1 overridden to 1 by setting random_state. Use no seed for parallelism.
  warn(
/home/fbrunke/ML4HC-Project1/.venv/lib/python3.12/site-packages/umap/umap_.py:1952: UserWarning: n_jobs value 1 overridden to 1 by setting random_state. Use no seed for parallelism.
  warn(
/home/fbrunke/ML4HC-Project1/.venv/lib/python3.12/site-packages/umap/umap_.py:1952: UserWarning: n_jobs value 1 overridden to 1 by setting random_state. Use no seed for parallelism.
  warn(
/home/fbrunke/ML4HC-Project1/.venv/lib/python3.12/site-packages/umap/umap_.py:1952: UserWarning: n_jobs value 1 overridden to 1 by setting random_state. Use no seed for parallelism.
  warn(
/home/fbrunke/ML4HC-Project1/.venv/lib/python3.12/site-packages/umap/umap_.py:1952: UserWarning: n_jobs value 1 overridden to 1 by setting random_state. Use no seed for parallelism.
  warn(
/home/fbrunke/ML4HC-Project1/.venv/lib/python3.12/site-packages/umap/umap_.py:1952: UserWarning: n_jobs value 1 overridden to 1 by setting random_state. Use no seed for parallelism.
  warn(
wandb: updating run metadata
wandb: uploading wandb-summary.json; uploading config.yaml; uploading output.log
wandb: uploading history steps 0-50, summary, console lines 178-208
wandb: 
wandb: Run history:
wandb:          pretrain/centroid_distance ▁▁▁▁▁▂▂▂▂▂▂▂▂▂▂▃▃▃▃▃▃▃▃▄▄▄▅▅▅▆▆▆▇▇▇█▇███
wandb:                pretrain/probe_auroc ▁▂▃▅▅▅▅▅▆▆▆▆▆▆▆▆▆▆▆▆▇▇▇▇▇▇▇▇████████████
wandb:                 pretrain/silhouette ▁▁▁▁▂▂▂▃▃▃▃▄▃▄▄▄▄▄▄▅▅▆▆▆▆▇▇▇███▇▇▇▇▇▆▇▆▅
wandb:                 summary/active_dims ▁
wandb:              summary/effective_rank ▁
wandb: summary/embedding_centroid_distance ▁
wandb:        summary/embedding_silhouette ▁
wandb:            summary/feature_std_mean ▁
wandb:             summary/feature_std_min ▁
wandb:     summary/mean_abs_cosine_offdiag ▁
wandb:                                 +10 ...
wandb: 
wandb: Run summary:
wandb:          pretrain/centroid_distance 1.4428
wandb:                pretrain/probe_auroc 0.7727
wandb:                 pretrain/silhouette 0.03532
wandb:                 summary/active_dims 64
wandb:              summary/effective_rank 19.66381
wandb: summary/embedding_centroid_distance 1.47047
wandb:        summary/embedding_silhouette 0.02256
wandb:            summary/feature_std_mean 0.44892
wandb:             summary/feature_std_min 0.27141
wandb:     summary/mean_abs_cosine_offdiag 0.43762
wandb:                                 +10 ...
wandb: 
wandb: 🚀 View run lyric-sweep-3 at: https://wandb.ai/finn-brunke/ml4h_project/runs/uysgobop
wandb: ⭐️ View project at: https://wandb.ai/finn-brunke/ml4h_project
wandb: Synced 5 W&B file(s), 0 media file(s), 0 artifact file(s) and 0 other file(s)
wandb: Find logs at: ./wandb/run-20260409_130828-uysgobop/logs
wandb: Agent Starting Run: w5wr4sp1 with config:
wandb: 	batch_size: 32
wandb: 	contrastive_weight: 0.5
wandb: 	d_model: 128
wandb: 	drop_ratio: 0.1
wandb: 	hard_negative_k: 1
wandb: 	layers: 3
wandb: 	lr: 0.001
wandb: 	mask_ratio: 0.2
wandb: 	max_seq_len: 512
wandb: 	monitor_every: 1
wandb: 	multiscale_ratios: [1, 0.9]
wandb: 	nhead: 4
wandb: 	pretrain_epochs: 50
wandb: 	reconstruction_weight: 2
wandb: 	seed: 42
wandb: 	ssl_method: hybrid
wandb: 	temperature: 0.1
wandb: 	time_freq_weight: 0.1
wandb: 	value_bins: 10
wandb: [wandb.login()] Loaded credentials for https://api.wandb.ai from WANDB_API_KEY.
wandb: WARNING Ignoring project 'ml4h_project' when running a sweep.
wandb: WARNING Ignoring entity 'finn-brunke' when running a sweep.
wandb: setting up run w5wr4sp1
wandb: Tracking run with wandb version 0.25.1
wandb: Run data is saved locally in /home/fbrunke/ML4HC-Project1/wandb/run-20260409_132530-w5wr4sp1
wandb: Run `wandb offline` to turn off syncing.
wandb: Syncing run ethereal-sweep-4
wandb: ⭐️ View project at https://wandb.ai/finn-brunke/ml4h_project
wandb: 🧹 View sweep at https://wandb.ai/finn-brunke/ml4h_project/sweeps/spd2pzb1
wandb: 🚀 View run at https://wandb.ai/finn-brunke/ml4h_project/runs/w5wr4sp1
[2026-04-09T13:30:17.007] error: *** JOB 47066 ON studgpu-node01 CANCELLED AT 2026-04-09T13:30:17 DUE TO TIME LIMIT ***
