ERROR: pip's dependency resolver does not currently take into account all the packages that are installed. This behaviour is the source of the following dependency conflicts.
torch 2.11.0 requires setuptools<82, but you have setuptools 82.0.1 which is incompatible.
wandb: [wandb.login()] Loaded credentials for https://api.wandb.ai from WANDB_API_KEY.
wandb: Agent Starting Run: 7dt4bxu4 with config:
wandb: 	batch_size: 8
wandb: 	contrastive_weight: 1
wandb: 	d_model: 128
wandb: 	drop_ratio: 0.1
wandb: 	hard_negative_k: 5
wandb: 	layers: 3
wandb: 	lr: 0.002
wandb: 	mask_ratio: 0.2
wandb: 	max_seq_len: 512
wandb: 	monitor_every: 1
wandb: 	multiscale_ratios: [1, 0.8]
wandb: 	nhead: 4
wandb: 	pretrain_epochs: 20
wandb: 	reconstruction_weight: 1
wandb: 	seed: 42
wandb: 	ssl_method: autoencoder
wandb: 	temperature: 0.1
wandb: 	time_freq_weight: 0
wandb: 	value_bins: 10
wandb: [wandb.login()] Loaded credentials for https://api.wandb.ai from WANDB_API_KEY.
wandb: Currently logged in as: finnbrunke (finn-brunke) to https://api.wandb.ai. Use `wandb login --relogin` to force relogin
wandb: WARNING Ignoring project 'ml4h_project' when running a sweep.
wandb: WARNING Ignoring entity 'finn-brunke' when running a sweep.
wandb: setting up run 7dt4bxu4
wandb: Tracking run with wandb version 0.25.1
wandb: Run data is saved locally in /home/fbrunke/ML4HC-Project1/wandb/run-20260409_133057-7dt4bxu4
wandb: Run `wandb offline` to turn off syncing.
wandb: Syncing run dutiful-sweep-1
wandb: ⭐️ View project at https://wandb.ai/finn-brunke/ml4h_project
wandb: 🧹 View sweep at https://wandb.ai/finn-brunke/ml4h_project/sweeps/eroy7bo5
wandb: 🚀 View run at https://wandb.ai/finn-brunke/ml4h_project/runs/7dt4bxu4
/home/fbrunke/ML4HC-Project1/task3/auto_encoder_base.py:106: UserWarning: enable_nested_tensor is True, but self.use_nested_tensor is False because encoder_layer.norm_first was True
  self.encoder = nn.TransformerEncoder(encoder_layer, num_layers=num_layers)
/home/fbrunke/ML4HC-Project1/.venv/lib/python3.12/site-packages/umap/umap_.py:1952: UserWarning: n_jobs value 1 overridden to 1 by setting random_state. Use no seed for parallelism.
  warn(
/home/fbrunke/ML4HC-Project1/.venv/lib/python3.12/site-packages/umap/umap_.py:1952: UserWarning: n_jobs value 1 overridden to 1 by setting random_state. Use no seed for parallelism.
  warn(
/home/fbrunke/ML4HC-Project1/.venv/lib/python3.12/site-packages/umap/umap_.py:1952: UserWarning: n_jobs value 1 overridden to 1 by setting random_state. Use no seed for parallelism.
  warn(
/home/fbrunke/ML4HC-Project1/.venv/lib/python3.12/site-packages/umap/umap_.py:1952: UserWarning: n_jobs value 1 overridden to 1 by setting random_state. Use no seed for parallelism.
  warn(
/home/fbrunke/ML4HC-Project1/.venv/lib/python3.12/site-packages/umap/umap_.py:1952: UserWarning: n_jobs value 1 overridden to 1 by setting random_state. Use no seed for parallelism.
  warn(
/home/fbrunke/ML4HC-Project1/.venv/lib/python3.12/site-packages/umap/umap_.py:1952: UserWarning: n_jobs value 1 overridden to 1 by setting random_state. Use no seed for parallelism.
  warn(
/home/fbrunke/ML4HC-Project1/.venv/lib/python3.12/site-packages/umap/umap_.py:1952: UserWarning: n_jobs value 1 overridden to 1 by setting random_state. Use no seed for parallelism.
  warn(
/home/fbrunke/ML4HC-Project1/.venv/lib/python3.12/site-packages/umap/umap_.py:1952: UserWarning: n_jobs value 1 overridden to 1 by setting random_state. Use no seed for parallelism.
  warn(
/home/fbrunke/ML4HC-Project1/.venv/lib/python3.12/site-packages/umap/umap_.py:1952: UserWarning: n_jobs value 1 overridden to 1 by setting random_state. Use no seed for parallelism.
  warn(
/home/fbrunke/ML4HC-Project1/.venv/lib/python3.12/site-packages/umap/umap_.py:1952: UserWarning: n_jobs value 1 overridden to 1 by setting random_state. Use no seed for parallelism.
  warn(
/home/fbrunke/ML4HC-Project1/.venv/lib/python3.12/site-packages/umap/umap_.py:1952: UserWarning: n_jobs value 1 overridden to 1 by setting random_state. Use no seed for parallelism.
  warn(
/home/fbrunke/ML4HC-Project1/.venv/lib/python3.12/site-packages/umap/umap_.py:1952: UserWarning: n_jobs value 1 overridden to 1 by setting random_state. Use no seed for parallelism.
  warn(
wandb: updating run metadata
wandb: uploading output.log; uploading wandb-summary.json; uploading config.yaml
wandb: uploading history steps 0-20, summary, console lines 116-149
wandb: 
wandb: Run history:
wandb:          pretrain/centroid_distance ▁▁▄█▆▆▄▃▄▄▄▄▄▄▃▄▄▄▃▃
wandb:                pretrain/probe_auroc ▂▁▃▅▇▇▆▄▃▅▅▅▆▅▅▆▆▆▇█
wandb:                 pretrain/silhouette ▁▃▃█▇█▇▆▆▆▆▅▆▆▆▅▆▆▅▆
wandb:                 summary/active_dims ▁
wandb:              summary/effective_rank ▁
wandb: summary/embedding_centroid_distance ▁
wandb:        summary/embedding_silhouette ▁
wandb:            summary/feature_std_mean ▁
wandb:             summary/feature_std_min ▁
wandb:     summary/mean_abs_cosine_offdiag ▁
wandb:                                 +10 ...
wandb: 
wandb: Run summary:
wandb:          pretrain/centroid_distance 1.60557
wandb:                pretrain/probe_auroc 0.73451
wandb:                 pretrain/silhouette -0.00535
wandb:                 summary/active_dims 128
wandb:              summary/effective_rank 58.16256
wandb: summary/embedding_centroid_distance 1.74709
wandb:        summary/embedding_silhouette 0.0034
wandb:            summary/feature_std_mean 0.47133
wandb:             summary/feature_std_min 0.26466
wandb:     summary/mean_abs_cosine_offdiag 0.64387
wandb:                                 +10 ...
wandb: 
wandb: 🚀 View run dutiful-sweep-1 at: https://wandb.ai/finn-brunke/ml4h_project/runs/7dt4bxu4
wandb: ⭐️ View project at: https://wandb.ai/finn-brunke/ml4h_project
wandb: Synced 5 W&B file(s), 0 media file(s), 0 artifact file(s) and 0 other file(s)
wandb: Find logs at: ./wandb/run-20260409_133057-7dt4bxu4/logs
wandb: Agent Starting Run: 37eyr69o with config:
wandb: 	batch_size: 16
wandb: 	contrastive_weight: 1.5
wandb: 	d_model: 128
wandb: 	drop_ratio: 0.05
wandb: 	hard_negative_k: 1
wandb: 	layers: 3
wandb: 	lr: 0.001
wandb: 	mask_ratio: 0.1
wandb: 	max_seq_len: 512
wandb: 	monitor_every: 1
wandb: 	multiscale_ratios: [1, 0.9]
wandb: 	nhead: 2
wandb: 	pretrain_epochs: 30
wandb: 	reconstruction_weight: 0.5
wandb: 	seed: 42
wandb: 	ssl_method: hybrid
wandb: 	temperature: 0.2
wandb: 	time_freq_weight: 0.05
wandb: 	value_bins: 10
wandb: [wandb.login()] Loaded credentials for https://api.wandb.ai from WANDB_API_KEY.
wandb: WARNING Ignoring project 'ml4h_project' when running a sweep.
wandb: WARNING Ignoring entity 'finn-brunke' when running a sweep.
wandb: setting up run 37eyr69o
wandb: Tracking run with wandb version 0.25.1
wandb: Run data is saved locally in /home/fbrunke/ML4HC-Project1/wandb/run-20260409_134246-37eyr69o
wandb: Run `wandb offline` to turn off syncing.
wandb: Syncing run electric-sweep-2
wandb: ⭐️ View project at https://wandb.ai/finn-brunke/ml4h_project
wandb: 🧹 View sweep at https://wandb.ai/finn-brunke/ml4h_project/sweeps/eroy7bo5
wandb: 🚀 View run at https://wandb.ai/finn-brunke/ml4h_project/runs/37eyr69o
/home/fbrunke/ML4HC-Project1/task3/auto_encoder_base.py:106: UserWarning: enable_nested_tensor is True, but self.use_nested_tensor is False because encoder_layer.norm_first was True
  self.encoder = nn.TransformerEncoder(encoder_layer, num_layers=num_layers)
/home/fbrunke/ML4HC-Project1/.venv/lib/python3.12/site-packages/umap/umap_.py:1952: UserWarning: n_jobs value 1 overridden to 1 by setting random_state. Use no seed for parallelism.
  warn(
/home/fbrunke/ML4HC-Project1/.venv/lib/python3.12/site-packages/umap/umap_.py:1952: UserWarning: n_jobs value 1 overridden to 1 by setting random_state. Use no seed for parallelism.
  warn(
/home/fbrunke/ML4HC-Project1/.venv/lib/python3.12/site-packages/umap/umap_.py:1952: UserWarning: n_jobs value 1 overridden to 1 by setting random_state. Use no seed for parallelism.
  warn(
/home/fbrunke/ML4HC-Project1/.venv/lib/python3.12/site-packages/umap/umap_.py:1952: UserWarning: n_jobs value 1 overridden to 1 by setting random_state. Use no seed for parallelism.
  warn(
/home/fbrunke/ML4HC-Project1/.venv/lib/python3.12/site-packages/umap/umap_.py:1952: UserWarning: n_jobs value 1 overridden to 1 by setting random_state. Use no seed for parallelism.
  warn(
/home/fbrunke/ML4HC-Project1/.venv/lib/python3.12/site-packages/umap/umap_.py:1952: UserWarning: n_jobs value 1 overridden to 1 by setting random_state. Use no seed for parallelism.
  warn(
/home/fbrunke/ML4HC-Project1/.venv/lib/python3.12/site-packages/umap/umap_.py:1952: UserWarning: n_jobs value 1 overridden to 1 by setting random_state. Use no seed for parallelism.
  warn(
/home/fbrunke/ML4HC-Project1/.venv/lib/python3.12/site-packages/umap/umap_.py:1952: UserWarning: n_jobs value 1 overridden to 1 by setting random_state. Use no seed for parallelism.
  warn(
/home/fbrunke/ML4HC-Project1/.venv/lib/python3.12/site-packages/umap/umap_.py:1952: UserWarning: n_jobs value 1 overridden to 1 by setting random_state. Use no seed for parallelism.
  warn(
/home/fbrunke/ML4HC-Project1/.venv/lib/python3.12/site-packages/umap/umap_.py:1952: UserWarning: n_jobs value 1 overridden to 1 by setting random_state. Use no seed for parallelism.
  warn(
/home/fbrunke/ML4HC-Project1/.venv/lib/python3.12/site-packages/umap/umap_.py:1952: UserWarning: n_jobs value 1 overridden to 1 by setting random_state. Use no seed for parallelism.
  warn(
/home/fbrunke/ML4HC-Project1/.venv/lib/python3.12/site-packages/umap/umap_.py:1952: UserWarning: n_jobs value 1 overridden to 1 by setting random_state. Use no seed for parallelism.
  warn(
wandb: updating run metadata
wandb: uploading output.log; uploading wandb-summary.json
wandb: uploading history steps 0-30, summary, console lines 142-169
wandb: 
wandb: Run history:
wandb:          pretrain/centroid_distance ▅▇██▆▇▆▅▅▄▄▅▅▂▃▃▂▂▂▁▂▂▂▃▂▃▃▂▂▂
wandb:                pretrain/probe_auroc ▁▂▃▅▄▃▂▃▃▄▃▂▄▃▃▁▅▄▂▄▅▄▅▅▇█▇█▇█
wandb:                 pretrain/silhouette ▇▇▆█▅▇▇▆▅▅▆▇▆▂▆▄▁▂▄▁▅▂▃▅▃▄▃▂▂▃
wandb:                 summary/active_dims ▁
wandb:              summary/effective_rank ▁
wandb: summary/embedding_centroid_distance ▁
wandb:        summary/embedding_silhouette ▁
wandb:            summary/feature_std_mean ▁
wandb:             summary/feature_std_min ▁
wandb:     summary/mean_abs_cosine_offdiag ▁
wandb:                                 +10 ...
wandb: 
wandb: Run summary:
wandb:          pretrain/centroid_distance 3.01675
wandb:                pretrain/probe_auroc 0.7508
wandb:                 pretrain/silhouette 5e-05
wandb:                 summary/active_dims 128
wandb:              summary/effective_rank 28.15757
wandb: summary/embedding_centroid_distance 3.81183
wandb:        summary/embedding_silhouette 0.0187
wandb:            summary/feature_std_mean 0.63531
wandb:             summary/feature_std_min 0.18952
wandb:     summary/mean_abs_cosine_offdiag 0.51086
wandb:                                 +10 ...
wandb: 
wandb: 🚀 View run electric-sweep-2 at: https://wandb.ai/finn-brunke/ml4h_project/runs/37eyr69o
wandb: ⭐️ View project at: https://wandb.ai/finn-brunke/ml4h_project
wandb: Synced 5 W&B file(s), 0 media file(s), 0 artifact file(s) and 0 other file(s)
wandb: Find logs at: ./wandb/run-20260409_134246-37eyr69o/logs
wandb: Agent Starting Run: qub8p4ul with config:
wandb: 	batch_size: 16
wandb: 	contrastive_weight: 1
wandb: 	d_model: 64
wandb: 	drop_ratio: 0.1
wandb: 	hard_negative_k: 5
wandb: 	layers: 3
wandb: 	lr: 0.0005
wandb: 	mask_ratio: 0.3
wandb: 	max_seq_len: 512
wandb: 	monitor_every: 1
wandb: 	multiscale_ratios: [1, 0.9]
wandb: 	nhead: 4
wandb: 	pretrain_epochs: 20
wandb: 	reconstruction_weight: 1.5
wandb: 	seed: 42
wandb: 	ssl_method: autoencoder
wandb: 	temperature: 0.1
wandb: 	time_freq_weight: 0.2
wandb: 	value_bins: 10
wandb: [wandb.login()] Loaded credentials for https://api.wandb.ai from WANDB_API_KEY.
wandb: WARNING Ignoring project 'ml4h_project' when running a sweep.
wandb: WARNING Ignoring entity 'finn-brunke' when running a sweep.
wandb: setting up run qub8p4ul
wandb: Tracking run with wandb version 0.25.1
wandb: Run data is saved locally in /home/fbrunke/ML4HC-Project1/wandb/run-20260409_140027-qub8p4ul
wandb: Run `wandb offline` to turn off syncing.
wandb: Syncing run noble-sweep-3
wandb: ⭐️ View project at https://wandb.ai/finn-brunke/ml4h_project
wandb: 🧹 View sweep at https://wandb.ai/finn-brunke/ml4h_project/sweeps/eroy7bo5
wandb: 🚀 View run at https://wandb.ai/finn-brunke/ml4h_project/runs/qub8p4ul
/home/fbrunke/ML4HC-Project1/task3/auto_encoder_base.py:106: UserWarning: enable_nested_tensor is True, but self.use_nested_tensor is False because encoder_layer.norm_first was True
  self.encoder = nn.TransformerEncoder(encoder_layer, num_layers=num_layers)
/home/fbrunke/ML4HC-Project1/.venv/lib/python3.12/site-packages/umap/umap_.py:1952: UserWarning: n_jobs value 1 overridden to 1 by setting random_state. Use no seed for parallelism.
  warn(
/home/fbrunke/ML4HC-Project1/.venv/lib/python3.12/site-packages/umap/umap_.py:1952: UserWarning: n_jobs value 1 overridden to 1 by setting random_state. Use no seed for parallelism.
  warn(
/home/fbrunke/ML4HC-Project1/.venv/lib/python3.12/site-packages/umap/umap_.py:1952: UserWarning: n_jobs value 1 overridden to 1 by setting random_state. Use no seed for parallelism.
  warn(
/home/fbrunke/ML4HC-Project1/.venv/lib/python3.12/site-packages/umap/umap_.py:1952: UserWarning: n_jobs value 1 overridden to 1 by setting random_state. Use no seed for parallelism.
  warn(
/home/fbrunke/ML4HC-Project1/.venv/lib/python3.12/site-packages/umap/umap_.py:1952: UserWarning: n_jobs value 1 overridden to 1 by setting random_state. Use no seed for parallelism.
  warn(
/home/fbrunke/ML4HC-Project1/.venv/lib/python3.12/site-packages/umap/umap_.py:1952: UserWarning: n_jobs value 1 overridden to 1 by setting random_state. Use no seed for parallelism.
  warn(
/home/fbrunke/ML4HC-Project1/.venv/lib/python3.12/site-packages/umap/umap_.py:1952: UserWarning: n_jobs value 1 overridden to 1 by setting random_state. Use no seed for parallelism.
  warn(
/home/fbrunke/ML4HC-Project1/.venv/lib/python3.12/site-packages/umap/umap_.py:1952: UserWarning: n_jobs value 1 overridden to 1 by setting random_state. Use no seed for parallelism.
  warn(
/home/fbrunke/ML4HC-Project1/.venv/lib/python3.12/site-packages/umap/umap_.py:1952: UserWarning: n_jobs value 1 overridden to 1 by setting random_state. Use no seed for parallelism.
  warn(
/home/fbrunke/ML4HC-Project1/.venv/lib/python3.12/site-packages/umap/umap_.py:1952: UserWarning: n_jobs value 1 overridden to 1 by setting random_state. Use no seed for parallelism.
  warn(
/home/fbrunke/ML4HC-Project1/.venv/lib/python3.12/site-packages/umap/umap_.py:1952: UserWarning: n_jobs value 1 overridden to 1 by setting random_state. Use no seed for parallelism.
  warn(
/home/fbrunke/ML4HC-Project1/.venv/lib/python3.12/site-packages/umap/umap_.py:1952: UserWarning: n_jobs value 1 overridden to 1 by setting random_state. Use no seed for parallelism.
  warn(
wandb: updating run metadata
wandb: uploading output.log; uploading wandb-summary.json; uploading config.yaml
wandb: uploading wandb-summary.json; uploading config.yaml
wandb: uploading history steps 0-20, summary, console lines 119-149
wandb: 
wandb: Run history:
wandb:          pretrain/centroid_distance ▁▁▂▃▄▄▅▅▅▆▅▆▆▆▆▇▇▇▇█
wandb:                pretrain/probe_auroc ▃▁▂▂▃▄▄▃▃▂▃▃▃▃▅▅▆▇▇█
wandb:                 pretrain/silhouette █▇▇▇▅▄▃▂▂▁▁▁▁▂▃▄▄▄▄▄
wandb:                 summary/active_dims ▁
wandb:              summary/effective_rank ▁
wandb: summary/embedding_centroid_distance ▁
wandb:        summary/embedding_silhouette ▁
wandb:            summary/feature_std_mean ▁
wandb:             summary/feature_std_min ▁
wandb:     summary/mean_abs_cosine_offdiag ▁
wandb:                                 +10 ...
wandb: 
wandb: Run summary:
wandb:          pretrain/centroid_distance 2.67485
wandb:                pretrain/probe_auroc 0.61031
wandb:                 pretrain/silhouette -0.02285
wandb:                 summary/active_dims 64
wandb:              summary/effective_rank 25.26001
wandb: summary/embedding_centroid_distance 3.54042
wandb:        summary/embedding_silhouette -0.00381
wandb:            summary/feature_std_mean 1.2734
wandb:             summary/feature_std_min 0.64018
wandb:     summary/mean_abs_cosine_offdiag 0.64991
wandb:                                 +10 ...
wandb: 
wandb: 🚀 View run noble-sweep-3 at: https://wandb.ai/finn-brunke/ml4h_project/runs/qub8p4ul
wandb: ⭐️ View project at: https://wandb.ai/finn-brunke/ml4h_project
wandb: Synced 5 W&B file(s), 0 media file(s), 0 artifact file(s) and 0 other file(s)
wandb: Find logs at: ./wandb/run-20260409_140027-qub8p4ul/logs
wandb: Agent Starting Run: 8i4iivmu with config:
wandb: 	batch_size: 32
wandb: 	contrastive_weight: 0.5
wandb: 	d_model: 64
wandb: 	drop_ratio: 0.05
wandb: 	hard_negative_k: 3
wandb: 	layers: 1
wandb: 	lr: 0.002
wandb: 	mask_ratio: 0.1
wandb: 	max_seq_len: 512
wandb: 	monitor_every: 1
wandb: 	multiscale_ratios: [1, 0.9]
wandb: 	nhead: 2
wandb: 	pretrain_epochs: 20
wandb: 	reconstruction_weight: 1.5
wandb: 	seed: 42
wandb: 	ssl_method: autoencoder
wandb: 	temperature: 0.05
wandb: 	time_freq_weight: 0.1
wandb: 	value_bins: 10
wandb: [wandb.login()] Loaded credentials for https://api.wandb.ai from WANDB_API_KEY.
wandb: WARNING Ignoring project 'ml4h_project' when running a sweep.
wandb: WARNING Ignoring entity 'finn-brunke' when running a sweep.
wandb: Tracking run with wandb version 0.25.1
wandb: Run data is saved locally in /home/fbrunke/ML4HC-Project1/wandb/run-20260409_141052-8i4iivmu
wandb: Run `wandb offline` to turn off syncing.
wandb: Syncing run clear-sweep-4
wandb: ⭐️ View project at https://wandb.ai/finn-brunke/ml4h_project
wandb: 🧹 View sweep at https://wandb.ai/finn-brunke/ml4h_project/sweeps/eroy7bo5
wandb: 🚀 View run at https://wandb.ai/finn-brunke/ml4h_project/runs/8i4iivmu
/home/fbrunke/ML4HC-Project1/task3/auto_encoder_base.py:106: UserWarning: enable_nested_tensor is True, but self.use_nested_tensor is False because encoder_layer.norm_first was True
  self.encoder = nn.TransformerEncoder(encoder_layer, num_layers=num_layers)
/home/fbrunke/ML4HC-Project1/.venv/lib/python3.12/site-packages/umap/umap_.py:1952: UserWarning: n_jobs value 1 overridden to 1 by setting random_state. Use no seed for parallelism.
  warn(
/home/fbrunke/ML4HC-Project1/.venv/lib/python3.12/site-packages/umap/umap_.py:1952: UserWarning: n_jobs value 1 overridden to 1 by setting random_state. Use no seed for parallelism.
  warn(
/home/fbrunke/ML4HC-Project1/.venv/lib/python3.12/site-packages/umap/umap_.py:1952: UserWarning: n_jobs value 1 overridden to 1 by setting random_state. Use no seed for parallelism.
  warn(
/home/fbrunke/ML4HC-Project1/.venv/lib/python3.12/site-packages/umap/umap_.py:1952: UserWarning: n_jobs value 1 overridden to 1 by setting random_state. Use no seed for parallelism.
  warn(
/home/fbrunke/ML4HC-Project1/.venv/lib/python3.12/site-packages/umap/umap_.py:1952: UserWarning: n_jobs value 1 overridden to 1 by setting random_state. Use no seed for parallelism.
  warn(
/home/fbrunke/ML4HC-Project1/.venv/lib/python3.12/site-packages/umap/umap_.py:1952: UserWarning: n_jobs value 1 overridden to 1 by setting random_state. Use no seed for parallelism.
  warn(
/home/fbrunke/ML4HC-Project1/.venv/lib/python3.12/site-packages/umap/umap_.py:1952: UserWarning: n_jobs value 1 overridden to 1 by setting random_state. Use no seed for parallelism.
  warn(
/home/fbrunke/ML4HC-Project1/.venv/lib/python3.12/site-packages/umap/umap_.py:1952: UserWarning: n_jobs value 1 overridden to 1 by setting random_state. Use no seed for parallelism.
  warn(
/home/fbrunke/ML4HC-Project1/.venv/lib/python3.12/site-packages/umap/umap_.py:1952: UserWarning: n_jobs value 1 overridden to 1 by setting random_state. Use no seed for parallelism.
  warn(
/home/fbrunke/ML4HC-Project1/.venv/lib/python3.12/site-packages/umap/umap_.py:1952: UserWarning: n_jobs value 1 overridden to 1 by setting random_state. Use no seed for parallelism.
  warn(
/home/fbrunke/ML4HC-Project1/.venv/lib/python3.12/site-packages/umap/umap_.py:1952: UserWarning: n_jobs value 1 overridden to 1 by setting random_state. Use no seed for parallelism.
  warn(
/home/fbrunke/ML4HC-Project1/.venv/lib/python3.12/site-packages/umap/umap_.py:1952: UserWarning: n_jobs value 1 overridden to 1 by setting random_state. Use no seed for parallelism.
  warn(
wandb: updating run metadata
wandb: uploading output.log; uploading wandb-summary.json; uploading config.yaml
wandb: uploading history steps 0-20, summary, console lines 122-149
wandb: 
wandb: Run history:
wandb:          pretrain/centroid_distance ▁▁▁▁▂▃▅▆▆▆▆▆▇▇▇▇▇███
wandb:                pretrain/probe_auroc ▃▁▂▃▄▄▄▄▆█▇▇▆▇██▇▅▅▄
wandb:                 pretrain/silhouette ██▇▅▃▁▁▁▁▂▃▄▄▄▄▄▄▄▄▅
wandb:                 summary/active_dims ▁
wandb:              summary/effective_rank ▁
wandb: summary/embedding_centroid_distance ▁
wandb:        summary/embedding_silhouette ▁
wandb:            summary/feature_std_mean ▁
wandb:             summary/feature_std_min ▁
wandb:     summary/mean_abs_cosine_offdiag ▁
wandb:                                 +10 ...
wandb: 
wandb: Run summary:
wandb:          pretrain/centroid_distance 1.35404
wandb:                pretrain/probe_auroc 0.65705
wandb:                 pretrain/silhouette -0.01974
wandb:                 summary/active_dims 64
wandb:              summary/effective_rank 37.32136
wandb: summary/embedding_centroid_distance 1.60346
wandb:        summary/embedding_silhouette -0.01183
wandb:            summary/feature_std_mean 0.69066
wandb:             summary/feature_std_min 0.37285
wandb:     summary/mean_abs_cosine_offdiag 0.68166
wandb:                                 +10 ...
wandb: 
wandb: 🚀 View run clear-sweep-4 at: https://wandb.ai/finn-brunke/ml4h_project/runs/8i4iivmu
wandb: ⭐️ View project at: https://wandb.ai/finn-brunke/ml4h_project
wandb: Synced 5 W&B file(s), 0 media file(s), 0 artifact file(s) and 0 other file(s)
wandb: Find logs at: ./wandb/run-20260409_141052-8i4iivmu/logs
wandb: Agent Starting Run: 39tpm2hj with config:
wandb: 	batch_size: 16
wandb: 	contrastive_weight: 0.5
wandb: 	d_model: 64
wandb: 	drop_ratio: 0.1
wandb: 	hard_negative_k: 5
wandb: 	layers: 1
wandb: 	lr: 0.002
wandb: 	mask_ratio: 0.2
wandb: 	max_seq_len: 512
wandb: 	monitor_every: 1
wandb: 	multiscale_ratios: [1, 0.8]
wandb: 	nhead: 2
wandb: 	pretrain_epochs: 30
wandb: 	reconstruction_weight: 1.5
wandb: 	seed: 42
wandb: 	ssl_method: contrastive
wandb: 	temperature: 0.05
wandb: 	time_freq_weight: 0.2
wandb: 	value_bins: 10
wandb: [wandb.login()] Loaded credentials for https://api.wandb.ai from WANDB_API_KEY.
wandb: WARNING Ignoring project 'ml4h_project' when running a sweep.
wandb: WARNING Ignoring entity 'finn-brunke' when running a sweep.
wandb: setting up run 39tpm2hj
wandb: Tracking run with wandb version 0.25.1
wandb: Run data is saved locally in /home/fbrunke/ML4HC-Project1/wandb/run-20260409_142045-39tpm2hj
wandb: Run `wandb offline` to turn off syncing.
wandb: Syncing run skilled-sweep-5
wandb: ⭐️ View project at https://wandb.ai/finn-brunke/ml4h_project
wandb: 🧹 View sweep at https://wandb.ai/finn-brunke/ml4h_project/sweeps/eroy7bo5
wandb: 🚀 View run at https://wandb.ai/finn-brunke/ml4h_project/runs/39tpm2hj
/home/fbrunke/ML4HC-Project1/task3/auto_encoder_base.py:106: UserWarning: enable_nested_tensor is True, but self.use_nested_tensor is False because encoder_layer.norm_first was True
  self.encoder = nn.TransformerEncoder(encoder_layer, num_layers=num_layers)
[2026-04-09T14:30:18.019] error: *** JOB 47083 ON studgpu-node09 CANCELLED AT 2026-04-09T14:30:18 DUE TO TIME LIMIT ***
