ERROR: pip's dependency resolver does not currently take into account all the packages that are installed. This behaviour is the source of the following dependency conflicts.
torch 2.11.0 requires setuptools<82, but you have setuptools 82.0.1 which is incompatible.
wandb: [wandb.login()] Loaded credentials for https://api.wandb.ai from WANDB_API_KEY.
wandb: Agent Starting Run: uxd948n8 with config:
wandb: 	batch_size: 16
wandb: 	contrastive_weight: 1.5
wandb: 	d_model: 64
wandb: 	drop_ratio: 0.05
wandb: 	hard_negative_k: 3
wandb: 	layers: 3
wandb: 	lr: 0.0005
wandb: 	mask_ratio: 0.1
wandb: 	max_seq_len: 512
wandb: 	monitor_every: 1
wandb: 	multiscale_ratios: [1]
wandb: 	nhead: 2
wandb: 	pretrain_epochs: 30
wandb: 	reconstruction_weight: 1.5
wandb: 	seed: 42
wandb: 	ssl_method: contrastive
wandb: 	temperature: 0.05
wandb: 	time_freq_weight: 0
wandb: 	value_bins: 10
wandb: [wandb.login()] Loaded credentials for https://api.wandb.ai from WANDB_API_KEY.
wandb: Currently logged in as: finnbrunke (finn-brunke) to https://api.wandb.ai. Use `wandb login --relogin` to force relogin
wandb: WARNING Ignoring project 'ml4h_project' when running a sweep.
wandb: WARNING Ignoring entity 'finn-brunke' when running a sweep.
wandb: setting up run uxd948n8
wandb: Tracking run with wandb version 0.25.1
wandb: Run data is saved locally in /home/fbrunke/ML4HC-Project1/wandb/run-20260409_143055-uxd948n8
wandb: Run `wandb offline` to turn off syncing.
wandb: Syncing run wobbly-sweep-1
wandb: ⭐️ View project at https://wandb.ai/finn-brunke/ml4h_project
wandb: 🧹 View sweep at https://wandb.ai/finn-brunke/ml4h_project/sweeps/vk8uwlqn
wandb: 🚀 View run at https://wandb.ai/finn-brunke/ml4h_project/runs/uxd948n8
/home/fbrunke/ML4HC-Project1/task3/auto_encoder_base.py:106: UserWarning: enable_nested_tensor is True, but self.use_nested_tensor is False because encoder_layer.norm_first was True
  self.encoder = nn.TransformerEncoder(encoder_layer, num_layers=num_layers)
/home/fbrunke/ML4HC-Project1/.venv/lib/python3.12/site-packages/umap/umap_.py:1952: UserWarning: n_jobs value 1 overridden to 1 by setting random_state. Use no seed for parallelism.
  warn(
/home/fbrunke/ML4HC-Project1/.venv/lib/python3.12/site-packages/umap/umap_.py:1952: UserWarning: n_jobs value 1 overridden to 1 by setting random_state. Use no seed for parallelism.
  warn(
/home/fbrunke/ML4HC-Project1/.venv/lib/python3.12/site-packages/umap/umap_.py:1952: UserWarning: n_jobs value 1 overridden to 1 by setting random_state. Use no seed for parallelism.
  warn(
/home/fbrunke/ML4HC-Project1/.venv/lib/python3.12/site-packages/umap/umap_.py:1952: UserWarning: n_jobs value 1 overridden to 1 by setting random_state. Use no seed for parallelism.
  warn(
/home/fbrunke/ML4HC-Project1/.venv/lib/python3.12/site-packages/umap/umap_.py:1952: UserWarning: n_jobs value 1 overridden to 1 by setting random_state. Use no seed for parallelism.
  warn(
/home/fbrunke/ML4HC-Project1/.venv/lib/python3.12/site-packages/umap/umap_.py:1952: UserWarning: n_jobs value 1 overridden to 1 by setting random_state. Use no seed for parallelism.
  warn(
/home/fbrunke/ML4HC-Project1/.venv/lib/python3.12/site-packages/umap/umap_.py:1952: UserWarning: n_jobs value 1 overridden to 1 by setting random_state. Use no seed for parallelism.
  warn(
/home/fbrunke/ML4HC-Project1/.venv/lib/python3.12/site-packages/umap/umap_.py:1952: UserWarning: n_jobs value 1 overridden to 1 by setting random_state. Use no seed for parallelism.
  warn(
/home/fbrunke/ML4HC-Project1/.venv/lib/python3.12/site-packages/umap/umap_.py:1952: UserWarning: n_jobs value 1 overridden to 1 by setting random_state. Use no seed for parallelism.
  warn(
/home/fbrunke/ML4HC-Project1/.venv/lib/python3.12/site-packages/umap/umap_.py:1952: UserWarning: n_jobs value 1 overridden to 1 by setting random_state. Use no seed for parallelism.
  warn(
/home/fbrunke/ML4HC-Project1/.venv/lib/python3.12/site-packages/umap/umap_.py:1952: UserWarning: n_jobs value 1 overridden to 1 by setting random_state. Use no seed for parallelism.
  warn(
/home/fbrunke/ML4HC-Project1/.venv/lib/python3.12/site-packages/umap/umap_.py:1952: UserWarning: n_jobs value 1 overridden to 1 by setting random_state. Use no seed for parallelism.
  warn(
wandb: updating run metadata
wandb: uploading history steps 0-15, summary, console lines 110-140
wandb: 
wandb: Run history:
wandb:          pretrain/centroid_distance ▁▃▄▄▄▅▅▅▅▅▆▆▆▇█
wandb:                pretrain/probe_auroc ▄▂▂▁▂▁▁▂▂▄▆▆▇██
wandb:                 pretrain/silhouette ▁▂▁▂▂▂▂▃▅▅▆▆▇▆█
wandb:                 summary/active_dims ▁
wandb:              summary/effective_rank ▁
wandb: summary/embedding_centroid_distance ▁
wandb:        summary/embedding_silhouette ▁
wandb:            summary/feature_std_mean ▁
wandb:             summary/feature_std_min ▁
wandb:     summary/mean_abs_cosine_offdiag ▁
wandb:                                 +10 ...
wandb: 
wandb: Run summary:
wandb:          pretrain/centroid_distance 0.19534
wandb:                pretrain/probe_auroc 0.64583
wandb:                 pretrain/silhouette 0.00094
wandb:                 summary/active_dims 64
wandb:              summary/effective_rank 41.14328
wandb: summary/embedding_centroid_distance 0.23714
wandb:        summary/embedding_silhouette 0.00551
wandb:            summary/feature_std_mean 0.10102
wandb:             summary/feature_std_min 0.06827
wandb:     summary/mean_abs_cosine_offdiag 0.88822
wandb:                                 +10 ...
wandb: 
wandb: 🚀 View run wobbly-sweep-1 at: https://wandb.ai/finn-brunke/ml4h_project/runs/uxd948n8
wandb: ⭐️ View project at: https://wandb.ai/finn-brunke/ml4h_project
wandb: Synced 5 W&B file(s), 0 media file(s), 0 artifact file(s) and 0 other file(s)
wandb: Find logs at: ./wandb/run-20260409_143055-uxd948n8/logs
wandb: Sweep Agent: Waiting for job.
wandb: Job received.
wandb: Agent Starting Run: 1gpqyz9j with config:
wandb: 	batch_size: 32
wandb: 	contrastive_weight: 0.5
wandb: 	d_model: 64
wandb: 	drop_ratio: 0.05
wandb: 	hard_negative_k: 3
wandb: 	layers: 2
wandb: 	lr: 0.001
wandb: 	mask_ratio: 0.3
wandb: 	max_seq_len: 512
wandb: 	monitor_every: 1
wandb: 	multiscale_ratios: [1, 0.9]
wandb: 	nhead: 4
wandb: 	pretrain_epochs: 20
wandb: 	reconstruction_weight: 1.5
wandb: 	seed: 42
wandb: 	ssl_method: hybrid
wandb: 	temperature: 0.05
wandb: 	time_freq_weight: 0
wandb: 	value_bins: 10
wandb: [wandb.login()] Loaded credentials for https://api.wandb.ai from WANDB_API_KEY.
wandb: WARNING Ignoring project 'ml4h_project' when running a sweep.
wandb: WARNING Ignoring entity 'finn-brunke' when running a sweep.
wandb: setting up run 1gpqyz9j
wandb: Tracking run with wandb version 0.25.1
wandb: Run data is saved locally in /home/fbrunke/ML4HC-Project1/wandb/run-20260409_143812-1gpqyz9j
wandb: Run `wandb offline` to turn off syncing.
wandb: Syncing run rural-sweep-2
wandb: ⭐️ View project at https://wandb.ai/finn-brunke/ml4h_project
wandb: 🧹 View sweep at https://wandb.ai/finn-brunke/ml4h_project/sweeps/vk8uwlqn
wandb: 🚀 View run at https://wandb.ai/finn-brunke/ml4h_project/runs/1gpqyz9j
/home/fbrunke/ML4HC-Project1/task3/auto_encoder_base.py:106: UserWarning: enable_nested_tensor is True, but self.use_nested_tensor is False because encoder_layer.norm_first was True
  self.encoder = nn.TransformerEncoder(encoder_layer, num_layers=num_layers)
/home/fbrunke/ML4HC-Project1/.venv/lib/python3.12/site-packages/umap/umap_.py:1952: UserWarning: n_jobs value 1 overridden to 1 by setting random_state. Use no seed for parallelism.
  warn(
/home/fbrunke/ML4HC-Project1/.venv/lib/python3.12/site-packages/umap/umap_.py:1952: UserWarning: n_jobs value 1 overridden to 1 by setting random_state. Use no seed for parallelism.
  warn(
/home/fbrunke/ML4HC-Project1/.venv/lib/python3.12/site-packages/umap/umap_.py:1952: UserWarning: n_jobs value 1 overridden to 1 by setting random_state. Use no seed for parallelism.
  warn(
/home/fbrunke/ML4HC-Project1/.venv/lib/python3.12/site-packages/umap/umap_.py:1952: UserWarning: n_jobs value 1 overridden to 1 by setting random_state. Use no seed for parallelism.
  warn(
/home/fbrunke/ML4HC-Project1/.venv/lib/python3.12/site-packages/umap/umap_.py:1952: UserWarning: n_jobs value 1 overridden to 1 by setting random_state. Use no seed for parallelism.
  warn(
/home/fbrunke/ML4HC-Project1/.venv/lib/python3.12/site-packages/umap/umap_.py:1952: UserWarning: n_jobs value 1 overridden to 1 by setting random_state. Use no seed for parallelism.
  warn(
/home/fbrunke/ML4HC-Project1/.venv/lib/python3.12/site-packages/umap/umap_.py:1952: UserWarning: n_jobs value 1 overridden to 1 by setting random_state. Use no seed for parallelism.
  warn(
/home/fbrunke/ML4HC-Project1/.venv/lib/python3.12/site-packages/umap/umap_.py:1952: UserWarning: n_jobs value 1 overridden to 1 by setting random_state. Use no seed for parallelism.
  warn(
/home/fbrunke/ML4HC-Project1/.venv/lib/python3.12/site-packages/umap/umap_.py:1952: UserWarning: n_jobs value 1 overridden to 1 by setting random_state. Use no seed for parallelism.
  warn(
/home/fbrunke/ML4HC-Project1/.venv/lib/python3.12/site-packages/umap/umap_.py:1952: UserWarning: n_jobs value 1 overridden to 1 by setting random_state. Use no seed for parallelism.
  warn(
/home/fbrunke/ML4HC-Project1/.venv/lib/python3.12/site-packages/umap/umap_.py:1952: UserWarning: n_jobs value 1 overridden to 1 by setting random_state. Use no seed for parallelism.
  warn(
/home/fbrunke/ML4HC-Project1/.venv/lib/python3.12/site-packages/umap/umap_.py:1952: UserWarning: n_jobs value 1 overridden to 1 by setting random_state. Use no seed for parallelism.
  warn(
wandb: updating run metadata
wandb: uploading history steps 0-20, summary, console lines 110-149
wandb: 
wandb: Run history:
wandb:          pretrain/centroid_distance ▁▁▂▂▂▂▂▂▂▂▂▃▃▃▄▅▅▆▇█
wandb:                pretrain/probe_auroc ▁▃▄▄▄▄▄▄▄▄▃▃▂▁▂▂▄▅▇█
wandb:                 pretrain/silhouette █████████▇▇▆▅▃▂▂▁▁▁▂
wandb:                 summary/active_dims ▁
wandb:              summary/effective_rank ▁
wandb: summary/embedding_centroid_distance ▁
wandb:        summary/embedding_silhouette ▁
wandb:            summary/feature_std_mean ▁
wandb:             summary/feature_std_min ▁
wandb:     summary/mean_abs_cosine_offdiag ▁
wandb:                                 +10 ...
wandb: 
wandb: Run summary:
wandb:          pretrain/centroid_distance 1.76153
wandb:                pretrain/probe_auroc 0.72703
wandb:                 pretrain/silhouette -0.02293
wandb:                 summary/active_dims 64
wandb:              summary/effective_rank 24.64592
wandb: summary/embedding_centroid_distance 2.11796
wandb:        summary/embedding_silhouette -0.00423
wandb:            summary/feature_std_mean 0.53618
wandb:             summary/feature_std_min 0.23341
wandb:     summary/mean_abs_cosine_offdiag 0.61345
wandb:                                 +10 ...
wandb: 
wandb: 🚀 View run rural-sweep-2 at: https://wandb.ai/finn-brunke/ml4h_project/runs/1gpqyz9j
wandb: ⭐️ View project at: https://wandb.ai/finn-brunke/ml4h_project
wandb: Synced 5 W&B file(s), 0 media file(s), 0 artifact file(s) and 0 other file(s)
wandb: Find logs at: ./wandb/run-20260409_143812-1gpqyz9j/logs
wandb: Sweep Agent: Waiting for job.
wandb: Job received.
wandb: Agent Starting Run: zlf9tgzf with config:
wandb: 	batch_size: 8
wandb: 	contrastive_weight: 1
wandb: 	d_model: 64
wandb: 	drop_ratio: 0.05
wandb: 	hard_negative_k: 5
wandb: 	layers: 2
wandb: 	lr: 0.0005
wandb: 	mask_ratio: 0.2
wandb: 	max_seq_len: 512
wandb: 	monitor_every: 1
wandb: 	multiscale_ratios: [1]
wandb: 	nhead: 4
wandb: 	pretrain_epochs: 50
wandb: 	reconstruction_weight: 2
wandb: 	seed: 42
wandb: 	ssl_method: autoencoder
wandb: 	temperature: 0.2
wandb: 	time_freq_weight: 0.1
wandb: 	value_bins: 10
wandb: [wandb.login()] Loaded credentials for https://api.wandb.ai from WANDB_API_KEY.
wandb: WARNING Ignoring project 'ml4h_project' when running a sweep.
wandb: WARNING Ignoring entity 'finn-brunke' when running a sweep.
wandb: setting up run zlf9tgzf
wandb: Tracking run with wandb version 0.25.1
wandb: Run data is saved locally in /home/fbrunke/ML4HC-Project1/wandb/run-20260409_145105-zlf9tgzf
wandb: Run `wandb offline` to turn off syncing.
wandb: Syncing run avid-sweep-3
wandb: ⭐️ View project at https://wandb.ai/finn-brunke/ml4h_project
wandb: 🧹 View sweep at https://wandb.ai/finn-brunke/ml4h_project/sweeps/vk8uwlqn
wandb: 🚀 View run at https://wandb.ai/finn-brunke/ml4h_project/runs/zlf9tgzf
/home/fbrunke/ML4HC-Project1/task3/auto_encoder_base.py:106: UserWarning: enable_nested_tensor is True, but self.use_nested_tensor is False because encoder_layer.norm_first was True
  self.encoder = nn.TransformerEncoder(encoder_layer, num_layers=num_layers)
/home/fbrunke/ML4HC-Project1/.venv/lib/python3.12/site-packages/umap/umap_.py:1952: UserWarning: n_jobs value 1 overridden to 1 by setting random_state. Use no seed for parallelism.
  warn(
/home/fbrunke/ML4HC-Project1/.venv/lib/python3.12/site-packages/umap/umap_.py:1952: UserWarning: n_jobs value 1 overridden to 1 by setting random_state. Use no seed for parallelism.
  warn(
/home/fbrunke/ML4HC-Project1/.venv/lib/python3.12/site-packages/umap/umap_.py:1952: UserWarning: n_jobs value 1 overridden to 1 by setting random_state. Use no seed for parallelism.
  warn(
/home/fbrunke/ML4HC-Project1/.venv/lib/python3.12/site-packages/umap/umap_.py:1952: UserWarning: n_jobs value 1 overridden to 1 by setting random_state. Use no seed for parallelism.
  warn(
/home/fbrunke/ML4HC-Project1/.venv/lib/python3.12/site-packages/umap/umap_.py:1952: UserWarning: n_jobs value 1 overridden to 1 by setting random_state. Use no seed for parallelism.
  warn(
/home/fbrunke/ML4HC-Project1/.venv/lib/python3.12/site-packages/umap/umap_.py:1952: UserWarning: n_jobs value 1 overridden to 1 by setting random_state. Use no seed for parallelism.
  warn(
/home/fbrunke/ML4HC-Project1/.venv/lib/python3.12/site-packages/umap/umap_.py:1952: UserWarning: n_jobs value 1 overridden to 1 by setting random_state. Use no seed for parallelism.
  warn(
/home/fbrunke/ML4HC-Project1/.venv/lib/python3.12/site-packages/umap/umap_.py:1952: UserWarning: n_jobs value 1 overridden to 1 by setting random_state. Use no seed for parallelism.
  warn(
/home/fbrunke/ML4HC-Project1/.venv/lib/python3.12/site-packages/umap/umap_.py:1952: UserWarning: n_jobs value 1 overridden to 1 by setting random_state. Use no seed for parallelism.
  warn(
/home/fbrunke/ML4HC-Project1/.venv/lib/python3.12/site-packages/umap/umap_.py:1952: UserWarning: n_jobs value 1 overridden to 1 by setting random_state. Use no seed for parallelism.
  warn(
/home/fbrunke/ML4HC-Project1/.venv/lib/python3.12/site-packages/umap/umap_.py:1952: UserWarning: n_jobs value 1 overridden to 1 by setting random_state. Use no seed for parallelism.
  warn(
/home/fbrunke/ML4HC-Project1/.venv/lib/python3.12/site-packages/umap/umap_.py:1952: UserWarning: n_jobs value 1 overridden to 1 by setting random_state. Use no seed for parallelism.
  warn(
wandb: updating run metadata
wandb: uploading output.log; uploading wandb-summary.json; uploading config.yaml
wandb: uploading output.log; uploading config.yaml
wandb: 
wandb: Run history:
wandb:          pretrain/centroid_distance ▁▁▂▃▃▄▄▄▅▆▆▇▇▇▇▇███████████████████▇▇█▇▇
wandb:                pretrain/probe_auroc ▁▂▁▁▂▂▃▄▅▆▅▅▅▅▅▅▅▅▅▅▅▅▅▆▆▆▇▆▇▇▇█████████
wandb:                 pretrain/silhouette █▇▅▂▂▁▂▃▆▇▇▇▆▆▆▅▅▅▆▆▆▆▆▆▇▇▇▇▆▇▇▇▇▇▆▆▇▇▇▇
wandb:                 summary/active_dims ▁
wandb:              summary/effective_rank ▁
wandb: summary/embedding_centroid_distance ▁
wandb:        summary/embedding_silhouette ▁
wandb:            summary/feature_std_mean ▁
wandb:             summary/feature_std_min ▁
wandb:     summary/mean_abs_cosine_offdiag ▁
wandb:                                 +10 ...
wandb: 
wandb: Run summary:
wandb:          pretrain/centroid_distance 2.82708
wandb:                pretrain/probe_auroc 0.78552
wandb:                 pretrain/silhouette -0.01861
wandb:                 summary/active_dims 64
wandb:              summary/effective_rank 34.37526
wandb: summary/embedding_centroid_distance 2.78693
wandb:        summary/embedding_silhouette 0.00496
wandb:            summary/feature_std_mean 1.06555
wandb:             summary/feature_std_min 0.49898
wandb:     summary/mean_abs_cosine_offdiag 0.59005
wandb:                                 +10 ...
wandb: 
wandb: 🚀 View run avid-sweep-3 at: https://wandb.ai/finn-brunke/ml4h_project/runs/zlf9tgzf
wandb: ⭐️ View project at: https://wandb.ai/finn-brunke/ml4h_project
wandb: Synced 5 W&B file(s), 0 media file(s), 0 artifact file(s) and 0 other file(s)
wandb: Find logs at: ./wandb/run-20260409_145105-zlf9tgzf/logs
wandb: Agent Starting Run: y8lu3tkl with config:
wandb: 	batch_size: 16
wandb: 	contrastive_weight: 0.5
wandb: 	d_model: 128
wandb: 	drop_ratio: 0.1
wandb: 	hard_negative_k: 1
wandb: 	layers: 3
wandb: 	lr: 0.001
wandb: 	mask_ratio: 0.1
wandb: 	max_seq_len: 512
wandb: 	monitor_every: 1
wandb: 	multiscale_ratios: [1, 0.8]
wandb: 	nhead: 2
wandb: 	pretrain_epochs: 30
wandb: 	reconstruction_weight: 2
wandb: 	seed: 42
wandb: 	ssl_method: contrastive
wandb: 	temperature: 0.05
wandb: 	time_freq_weight: 0.05
wandb: 	value_bins: 10
wandb: [wandb.login()] Loaded credentials for https://api.wandb.ai from WANDB_API_KEY.
wandb: WARNING Ignoring project 'ml4h_project' when running a sweep.
wandb: WARNING Ignoring entity 'finn-brunke' when running a sweep.
wandb: setting up run y8lu3tkl
wandb: Tracking run with wandb version 0.25.1
wandb: Run data is saved locally in /home/fbrunke/ML4HC-Project1/wandb/run-20260409_150847-y8lu3tkl
wandb: Run `wandb offline` to turn off syncing.
wandb: Syncing run ancient-sweep-4
wandb: ⭐️ View project at https://wandb.ai/finn-brunke/ml4h_project
wandb: 🧹 View sweep at https://wandb.ai/finn-brunke/ml4h_project/sweeps/vk8uwlqn
wandb: 🚀 View run at https://wandb.ai/finn-brunke/ml4h_project/runs/y8lu3tkl
/home/fbrunke/ML4HC-Project1/task3/auto_encoder_base.py:106: UserWarning: enable_nested_tensor is True, but self.use_nested_tensor is False because encoder_layer.norm_first was True
  self.encoder = nn.TransformerEncoder(encoder_layer, num_layers=num_layers)
/home/fbrunke/ML4HC-Project1/.venv/lib/python3.12/site-packages/umap/umap_.py:1952: UserWarning: n_jobs value 1 overridden to 1 by setting random_state. Use no seed for parallelism.
  warn(
/home/fbrunke/ML4HC-Project1/.venv/lib/python3.12/site-packages/umap/umap_.py:1952: UserWarning: n_jobs value 1 overridden to 1 by setting random_state. Use no seed for parallelism.
  warn(
/home/fbrunke/ML4HC-Project1/.venv/lib/python3.12/site-packages/umap/umap_.py:1952: UserWarning: n_jobs value 1 overridden to 1 by setting random_state. Use no seed for parallelism.
  warn(
/home/fbrunke/ML4HC-Project1/.venv/lib/python3.12/site-packages/umap/umap_.py:1952: UserWarning: n_jobs value 1 overridden to 1 by setting random_state. Use no seed for parallelism.
  warn(
/home/fbrunke/ML4HC-Project1/.venv/lib/python3.12/site-packages/umap/umap_.py:1952: UserWarning: n_jobs value 1 overridden to 1 by setting random_state. Use no seed for parallelism.
  warn(
/home/fbrunke/ML4HC-Project1/.venv/lib/python3.12/site-packages/umap/umap_.py:1952: UserWarning: n_jobs value 1 overridden to 1 by setting random_state. Use no seed for parallelism.
  warn(
/home/fbrunke/ML4HC-Project1/.venv/lib/python3.12/site-packages/umap/umap_.py:1952: UserWarning: n_jobs value 1 overridden to 1 by setting random_state. Use no seed for parallelism.
  warn(
/home/fbrunke/ML4HC-Project1/.venv/lib/python3.12/site-packages/umap/umap_.py:1952: UserWarning: n_jobs value 1 overridden to 1 by setting random_state. Use no seed for parallelism.
  warn(
/home/fbrunke/ML4HC-Project1/.venv/lib/python3.12/site-packages/umap/umap_.py:1952: UserWarning: n_jobs value 1 overridden to 1 by setting random_state. Use no seed for parallelism.
  warn(
/home/fbrunke/ML4HC-Project1/.venv/lib/python3.12/site-packages/umap/umap_.py:1952: UserWarning: n_jobs value 1 overridden to 1 by setting random_state. Use no seed for parallelism.
  warn(
/home/fbrunke/ML4HC-Project1/.venv/lib/python3.12/site-packages/umap/umap_.py:1952: UserWarning: n_jobs value 1 overridden to 1 by setting random_state. Use no seed for parallelism.
  warn(
/home/fbrunke/ML4HC-Project1/.venv/lib/python3.12/site-packages/umap/umap_.py:1952: UserWarning: n_jobs value 1 overridden to 1 by setting random_state. Use no seed for parallelism.
  warn(
wandb: updating run metadata
wandb: uploading output.log; uploading wandb-summary.json; uploading config.yaml
wandb: uploading history steps 0-23, summary, console lines 123-156
wandb: 
wandb: Run history:
wandb:          pretrain/centroid_distance ▁▁▂▁▂▂▂▂▂▂▃▂▂▃▄▄▅▄▅▄▅▆█
wandb:                pretrain/probe_auroc ▂▂▁▂▃▃▄▅▆▆▅▆▆▆█▆▅▄▅▅▇██
wandb:                 pretrain/silhouette █▇█▇█▆▇▆▆▆▆▆▆▆▅▅▄▄▄▃▃▃▁
wandb:                 summary/active_dims ▁
wandb:              summary/effective_rank ▁
wandb: summary/embedding_centroid_distance ▁
wandb:        summary/embedding_silhouette ▁
wandb:            summary/feature_std_mean ▁
wandb:             summary/feature_std_min ▁
wandb:     summary/mean_abs_cosine_offdiag ▁
wandb:                                 +10 ...
wandb: 
wandb: Run summary:
wandb:          pretrain/centroid_distance 0.94791
wandb:                pretrain/probe_auroc 0.6883
wandb:                 pretrain/silhouette 0.00697
wandb:                 summary/active_dims 128
wandb:              summary/effective_rank 54.06367
wandb: summary/embedding_centroid_distance 0.75589
wandb:        summary/embedding_silhouette 0.01945
wandb:            summary/feature_std_mean 0.22503
wandb:             summary/feature_std_min 0.15766
wandb:     summary/mean_abs_cosine_offdiag 0.55649
wandb:                                 +10 ...
wandb: 
wandb: 🚀 View run ancient-sweep-4 at: https://wandb.ai/finn-brunke/ml4h_project/runs/y8lu3tkl
wandb: ⭐️ View project at: https://wandb.ai/finn-brunke/ml4h_project
wandb: Synced 5 W&B file(s), 0 media file(s), 0 artifact file(s) and 0 other file(s)
wandb: Find logs at: ./wandb/run-20260409_150847-y8lu3tkl/logs
wandb: Agent Starting Run: fb65ky3w with config:
wandb: 	batch_size: 16
wandb: 	contrastive_weight: 0.5
wandb: 	d_model: 128
wandb: 	drop_ratio: 0.05
wandb: 	hard_negative_k: 1
wandb: 	layers: 2
wandb: 	lr: 0.002
wandb: 	mask_ratio: 0.1
wandb: 	max_seq_len: 512
wandb: 	monitor_every: 1
wandb: 	multiscale_ratios: [1]
wandb: 	nhead: 2
wandb: 	pretrain_epochs: 30
wandb: 	reconstruction_weight: 0.5
wandb: 	seed: 42
wandb: 	ssl_method: contrastive
wandb: 	temperature: 0.1
wandb: 	time_freq_weight: 0.2
wandb: 	value_bins: 10
wandb: [wandb.login()] Loaded credentials for https://api.wandb.ai from WANDB_API_KEY.
wandb: WARNING Ignoring project 'ml4h_project' when running a sweep.
wandb: WARNING Ignoring entity 'finn-brunke' when running a sweep.
wandb: setting up run fb65ky3w
wandb: Tracking run with wandb version 0.25.1
wandb: Run data is saved locally in /home/fbrunke/ML4HC-Project1/wandb/run-20260409_152907-fb65ky3w
wandb: Run `wandb offline` to turn off syncing.
wandb: Syncing run efficient-sweep-5
wandb: ⭐️ View project at https://wandb.ai/finn-brunke/ml4h_project
wandb: 🧹 View sweep at https://wandb.ai/finn-brunke/ml4h_project/sweeps/vk8uwlqn
wandb: 🚀 View run at https://wandb.ai/finn-brunke/ml4h_project/runs/fb65ky3w
[2026-04-09T15:30:48.006] error: *** JOB 47079 ON studgpu-node05 CANCELLED AT 2026-04-09T15:30:48 DUE TO TIME LIMIT ***
